Component: ARM Compiler 6.16 Tool: armlink [5dfeaa00]

==============================================================================

Section Cross References

    module3.o(.text) refers (Special) to _printf_d.o(.ARM.Collect$$_printf_percent$$00000009) for _printf_d
    module3.o(.text) refers (Special) to _printf_dec.o(.text) for _printf_int_dec
    module3.o(.text) refers (Special) to _printf_lld.o(.ARM.Collect$$_printf_percent$$0000000E) for _printf_lld
    module3.o(.text) refers (Special) to _printf_longlong_dec.o(.text) for _printf_longlong_dec
    module3.o(.text) refers (Special) to _printf_hex_int.o(.text) for _printf_longlong_hex
    module3.o(.text) refers (Special) to _printf_percent.o(.ARM.Collect$$_printf_percent$$00000000) for _printf_percent
    module3.o(.text) refers (Special) to _printf_x.o(.ARM.Collect$$_printf_percent$$0000000C) for _printf_x
    module3.o(.text.main) refers (Special) to _printf_d.o(.ARM.Collect$$_printf_percent$$00000009) for _printf_d
    module3.o(.text.main) refers (Special) to _printf_dec.o(.text) for _printf_int_dec
    module3.o(.text.main) refers (Special) to _printf_lld.o(.ARM.Collect$$_printf_percent$$0000000E) for _printf_lld
    module3.o(.text.main) refers (Special) to _printf_longlong_dec.o(.text) for _printf_longlong_dec
    module3.o(.text.main) refers (Special) to _printf_hex_int.o(.text) for _printf_longlong_hex
    module3.o(.text.main) refers (Special) to _printf_percent.o(.ARM.Collect$$_printf_percent$$00000000) for _printf_percent
    module3.o(.text.main) refers (Special) to _printf_x.o(.ARM.Collect$$_printf_percent$$0000000C) for _printf_x
    module3.o(.text.main) refers to module3.o(.text.LCD_init) for LCD_init
    module3.o(.text.main) refers to module3.o(.text.LCD_command) for LCD_command
    module3.o(.text.main) refers to module3.o(.text.LCD_data) for LCD_data
    module3.o(.text.main) refers to __2sprintf.o(.text) for __2sprintf
    module3.o(.text.main) refers to module3.o(.text.keypad_init) for keypad_init
    module3.o(.text.main) refers to module3.o(.text.keypad_getkey) for keypad_getkey
    module3.o(.text.main) refers to module3.o(.text.Delay) for Delay
    module3.o(.text.main) refers to module3.o(.rodata.str1.1) for [Anonymous Symbol]
    module3.o(.text.main) refers to module3.o(.rodata.cst16) for [Anonymous Symbol]
    module3.o(.text.main) refers to llmul.o(.text) for __aeabi_lmul
    module3.o(.text.main) refers to llsdiv.o(.text) for __aeabi_ldivmod
    module3.o(.ARM.exidx.text.main) refers (Special) to _printf_d.o(.ARM.Collect$$_printf_percent$$00000009) for _printf_d
    module3.o(.ARM.exidx.text.main) refers (Special) to _printf_dec.o(.text) for _printf_int_dec
    module3.o(.ARM.exidx.text.main) refers (Special) to _printf_lld.o(.ARM.Collect$$_printf_percent$$0000000E) for _printf_lld
    module3.o(.ARM.exidx.text.main) refers (Special) to _printf_longlong_dec.o(.text) for _printf_longlong_dec
    module3.o(.ARM.exidx.text.main) refers (Special) to _printf_hex_int.o(.text) for _printf_longlong_hex
    module3.o(.ARM.exidx.text.main) refers (Special) to _printf_percent.o(.ARM.Collect$$_printf_percent$$00000000) for _printf_percent
    module3.o(.ARM.exidx.text.main) refers (Special) to _printf_x.o(.ARM.Collect$$_printf_percent$$0000000C) for _printf_x
    module3.o(.ARM.exidx.text.main) refers to module3.o(.text.main) for [Anonymous Symbol]
    module3.o(.text.LCD_init) refers (Special) to _printf_d.o(.ARM.Collect$$_printf_percent$$00000009) for _printf_d
    module3.o(.text.LCD_init) refers (Special) to _printf_dec.o(.text) for _printf_int_dec
    module3.o(.text.LCD_init) refers (Special) to _printf_lld.o(.ARM.Collect$$_printf_percent$$0000000E) for _printf_lld
    module3.o(.text.LCD_init) refers (Special) to _printf_longlong_dec.o(.text) for _printf_longlong_dec
    module3.o(.text.LCD_init) refers (Special) to _printf_hex_int.o(.text) for _printf_longlong_hex
    module3.o(.text.LCD_init) refers (Special) to _printf_percent.o(.ARM.Collect$$_printf_percent$$00000000) for _printf_percent
    module3.o(.text.LCD_init) refers (Special) to _printf_x.o(.ARM.Collect$$_printf_percent$$0000000C) for _printf_x
    module3.o(.text.LCD_init) refers to module3.o(.text.LCD_command) for LCD_command
    module3.o(.ARM.exidx.text.LCD_init) refers (Special) to _printf_d.o(.ARM.Collect$$_printf_percent$$00000009) for _printf_d
    module3.o(.ARM.exidx.text.LCD_init) refers (Special) to _printf_dec.o(.text) for _printf_int_dec
    module3.o(.ARM.exidx.text.LCD_init) refers (Special) to _printf_lld.o(.ARM.Collect$$_printf_percent$$0000000E) for _printf_lld
    module3.o(.ARM.exidx.text.LCD_init) refers (Special) to _printf_longlong_dec.o(.text) for _printf_longlong_dec
    module3.o(.ARM.exidx.text.LCD_init) refers (Special) to _printf_hex_int.o(.text) for _printf_longlong_hex
    module3.o(.ARM.exidx.text.LCD_init) refers (Special) to _printf_percent.o(.ARM.Collect$$_printf_percent$$00000000) for _printf_percent
    module3.o(.ARM.exidx.text.LCD_init) refers (Special) to _printf_x.o(.ARM.Collect$$_printf_percent$$0000000C) for _printf_x
    module3.o(.ARM.exidx.text.LCD_init) refers to module3.o(.text.LCD_init) for [Anonymous Symbol]
    module3.o(.text.LCD_command) refers (Special) to _printf_d.o(.ARM.Collect$$_printf_percent$$00000009) for _printf_d
    module3.o(.text.LCD_command) refers (Special) to _printf_dec.o(.text) for _printf_int_dec
    module3.o(.text.LCD_command) refers (Special) to _printf_lld.o(.ARM.Collect$$_printf_percent$$0000000E) for _printf_lld
    module3.o(.text.LCD_command) refers (Special) to _printf_longlong_dec.o(.text) for _printf_longlong_dec
    module3.o(.text.LCD_command) refers (Special) to _printf_hex_int.o(.text) for _printf_longlong_hex
    module3.o(.text.LCD_command) refers (Special) to _printf_percent.o(.ARM.Collect$$_printf_percent$$00000000) for _printf_percent
    module3.o(.text.LCD_command) refers (Special) to _printf_x.o(.ARM.Collect$$_printf_percent$$0000000C) for _printf_x
    module3.o(.text.LCD_command) refers to module3.o(.text.LCD_ready) for LCD_ready
    module3.o(.text.LCD_command) refers to module3.o(.text.Delay) for Delay
    module3.o(.ARM.exidx.text.LCD_command) refers (Special) to _printf_d.o(.ARM.Collect$$_printf_percent$$00000009) for _printf_d
    module3.o(.ARM.exidx.text.LCD_command) refers (Special) to _printf_dec.o(.text) for _printf_int_dec
    module3.o(.ARM.exidx.text.LCD_command) refers (Special) to _printf_lld.o(.ARM.Collect$$_printf_percent$$0000000E) for _printf_lld
    module3.o(.ARM.exidx.text.LCD_command) refers (Special) to _printf_longlong_dec.o(.text) for _printf_longlong_dec
    module3.o(.ARM.exidx.text.LCD_command) refers (Special) to _printf_hex_int.o(.text) for _printf_longlong_hex
    module3.o(.ARM.exidx.text.LCD_command) refers (Special) to _printf_percent.o(.ARM.Collect$$_printf_percent$$00000000) for _printf_percent
    module3.o(.ARM.exidx.text.LCD_command) refers (Special) to _printf_x.o(.ARM.Collect$$_printf_percent$$0000000C) for _printf_x
    module3.o(.ARM.exidx.text.LCD_command) refers to module3.o(.text.LCD_command) for [Anonymous Symbol]
    module3.o(.text.LCD_data) refers (Special) to _printf_d.o(.ARM.Collect$$_printf_percent$$00000009) for _printf_d
    module3.o(.text.LCD_data) refers (Special) to _printf_dec.o(.text) for _printf_int_dec
    module3.o(.text.LCD_data) refers (Special) to _printf_lld.o(.ARM.Collect$$_printf_percent$$0000000E) for _printf_lld
    module3.o(.text.LCD_data) refers (Special) to _printf_longlong_dec.o(.text) for _printf_longlong_dec
    module3.o(.text.LCD_data) refers (Special) to _printf_hex_int.o(.text) for _printf_longlong_hex
    module3.o(.text.LCD_data) refers (Special) to _printf_percent.o(.ARM.Collect$$_printf_percent$$00000000) for _printf_percent
    module3.o(.text.LCD_data) refers (Special) to _printf_x.o(.ARM.Collect$$_printf_percent$$0000000C) for _printf_x
    module3.o(.text.LCD_data) refers to module3.o(.text.LCD_ready) for LCD_ready
    module3.o(.text.LCD_data) refers to module3.o(.text.Delay) for Delay
    module3.o(.ARM.exidx.text.LCD_data) refers (Special) to _printf_d.o(.ARM.Collect$$_printf_percent$$00000009) for _printf_d
    module3.o(.ARM.exidx.text.LCD_data) refers (Special) to _printf_dec.o(.text) for _printf_int_dec
    module3.o(.ARM.exidx.text.LCD_data) refers (Special) to _printf_lld.o(.ARM.Collect$$_printf_percent$$0000000E) for _printf_lld
    module3.o(.ARM.exidx.text.LCD_data) refers (Special) to _printf_longlong_dec.o(.text) for _printf_longlong_dec
    module3.o(.ARM.exidx.text.LCD_data) refers (Special) to _printf_hex_int.o(.text) for _printf_longlong_hex
    module3.o(.ARM.exidx.text.LCD_data) refers (Special) to _printf_percent.o(.ARM.Collect$$_printf_percent$$00000000) for _printf_percent
    module3.o(.ARM.exidx.text.LCD_data) refers (Special) to _printf_x.o(.ARM.Collect$$_printf_percent$$0000000C) for _printf_x
    module3.o(.ARM.exidx.text.LCD_data) refers to module3.o(.text.LCD_data) for [Anonymous Symbol]
    module3.o(.text.keypad_init) refers (Special) to _printf_d.o(.ARM.Collect$$_printf_percent$$00000009) for _printf_d
    module3.o(.text.keypad_init) refers (Special) to _printf_dec.o(.text) for _printf_int_dec
    module3.o(.text.keypad_init) refers (Special) to _printf_lld.o(.ARM.Collect$$_printf_percent$$0000000E) for _printf_lld
    module3.o(.text.keypad_init) refers (Special) to _printf_longlong_dec.o(.text) for _printf_longlong_dec
    module3.o(.text.keypad_init) refers (Special) to _printf_hex_int.o(.text) for _printf_longlong_hex
    module3.o(.text.keypad_init) refers (Special) to _printf_percent.o(.ARM.Collect$$_printf_percent$$00000000) for _printf_percent
    module3.o(.text.keypad_init) refers (Special) to _printf_x.o(.ARM.Collect$$_printf_percent$$0000000C) for _printf_x
    module3.o(.ARM.exidx.text.keypad_init) refers (Special) to _printf_d.o(.ARM.Collect$$_printf_percent$$00000009) for _printf_d
    module3.o(.ARM.exidx.text.keypad_init) refers (Special) to _printf_dec.o(.text) for _printf_int_dec
    module3.o(.ARM.exidx.text.keypad_init) refers (Special) to _printf_lld.o(.ARM.Collect$$_printf_percent$$0000000E) for _printf_lld
    module3.o(.ARM.exidx.text.keypad_init) refers (Special) to _printf_longlong_dec.o(.text) for _printf_longlong_dec
    module3.o(.ARM.exidx.text.keypad_init) refers (Special) to _printf_hex_int.o(.text) for _printf_longlong_hex
    module3.o(.ARM.exidx.text.keypad_init) refers (Special) to _printf_percent.o(.ARM.Collect$$_printf_percent$$00000000) for _printf_percent
    module3.o(.ARM.exidx.text.keypad_init) refers (Special) to _printf_x.o(.ARM.Collect$$_printf_percent$$0000000C) for _printf_x
    module3.o(.ARM.exidx.text.keypad_init) refers to module3.o(.text.keypad_init) for [Anonymous Symbol]
    module3.o(.text.keypad_getkey) refers (Special) to _printf_d.o(.ARM.Collect$$_printf_percent$$00000009) for _printf_d
    module3.o(.text.keypad_getkey) refers (Special) to _printf_dec.o(.text) for _printf_int_dec
    module3.o(.text.keypad_getkey) refers (Special) to _printf_lld.o(.ARM.Collect$$_printf_percent$$0000000E) for _printf_lld
    module3.o(.text.keypad_getkey) refers (Special) to _printf_longlong_dec.o(.text) for _printf_longlong_dec
    module3.o(.text.keypad_getkey) refers (Special) to _printf_hex_int.o(.text) for _printf_longlong_hex
    module3.o(.text.keypad_getkey) refers (Special) to _printf_percent.o(.ARM.Collect$$_printf_percent$$00000000) for _printf_percent
    module3.o(.text.keypad_getkey) refers (Special) to _printf_x.o(.ARM.Collect$$_printf_percent$$0000000C) for _printf_x
    module3.o(.text.keypad_getkey) refers to module3.o(.text.Delay) for Delay
    module3.o(.ARM.exidx.text.keypad_getkey) refers (Special) to _printf_d.o(.ARM.Collect$$_printf_percent$$00000009) for _printf_d
    module3.o(.ARM.exidx.text.keypad_getkey) refers (Special) to _printf_dec.o(.text) for _printf_int_dec
    module3.o(.ARM.exidx.text.keypad_getkey) refers (Special) to _printf_lld.o(.ARM.Collect$$_printf_percent$$0000000E) for _printf_lld
    module3.o(.ARM.exidx.text.keypad_getkey) refers (Special) to _printf_longlong_dec.o(.text) for _printf_longlong_dec
    module3.o(.ARM.exidx.text.keypad_getkey) refers (Special) to _printf_hex_int.o(.text) for _printf_longlong_hex
    module3.o(.ARM.exidx.text.keypad_getkey) refers (Special) to _printf_percent.o(.ARM.Collect$$_printf_percent$$00000000) for _printf_percent
    module3.o(.ARM.exidx.text.keypad_getkey) refers (Special) to _printf_x.o(.ARM.Collect$$_printf_percent$$0000000C) for _printf_x
    module3.o(.ARM.exidx.text.keypad_getkey) refers to module3.o(.text.keypad_getkey) for [Anonymous Symbol]
    module3.o(.text.Delay) refers (Special) to _printf_d.o(.ARM.Collect$$_printf_percent$$00000009) for _printf_d
    module3.o(.text.Delay) refers (Special) to _printf_dec.o(.text) for _printf_int_dec
    module3.o(.text.Delay) refers (Special) to _printf_lld.o(.ARM.Collect$$_printf_percent$$0000000E) for _printf_lld
    module3.o(.text.Delay) refers (Special) to _printf_longlong_dec.o(.text) for _printf_longlong_dec
    module3.o(.text.Delay) refers (Special) to _printf_hex_int.o(.text) for _printf_longlong_hex
    module3.o(.text.Delay) refers (Special) to _printf_percent.o(.ARM.Collect$$_printf_percent$$00000000) for _printf_percent
    module3.o(.text.Delay) refers (Special) to _printf_x.o(.ARM.Collect$$_printf_percent$$0000000C) for _printf_x
    module3.o(.ARM.exidx.text.Delay) refers (Special) to _printf_d.o(.ARM.Collect$$_printf_percent$$00000009) for _printf_d
    module3.o(.ARM.exidx.text.Delay) refers (Special) to _printf_dec.o(.text) for _printf_int_dec
    module3.o(.ARM.exidx.text.Delay) refers (Special) to _printf_lld.o(.ARM.Collect$$_printf_percent$$0000000E) for _printf_lld
    module3.o(.ARM.exidx.text.Delay) refers (Special) to _printf_longlong_dec.o(.text) for _printf_longlong_dec
    module3.o(.ARM.exidx.text.Delay) refers (Special) to _printf_hex_int.o(.text) for _printf_longlong_hex
    module3.o(.ARM.exidx.text.Delay) refers (Special) to _printf_percent.o(.ARM.Collect$$_printf_percent$$00000000) for _printf_percent
    module3.o(.ARM.exidx.text.Delay) refers (Special) to _printf_x.o(.ARM.Collect$$_printf_percent$$0000000C) for _printf_x
    module3.o(.ARM.exidx.text.Delay) refers to module3.o(.text.Delay) for [Anonymous Symbol]
    module3.o(.text.LCD_ready) refers (Special) to _printf_d.o(.ARM.Collect$$_printf_percent$$00000009) for _printf_d
    module3.o(.text.LCD_ready) refers (Special) to _printf_dec.o(.text) for _printf_int_dec
    module3.o(.text.LCD_ready) refers (Special) to _printf_lld.o(.ARM.Collect$$_printf_percent$$0000000E) for _printf_lld
    module3.o(.text.LCD_ready) refers (Special) to _printf_longlong_dec.o(.text) for _printf_longlong_dec
    module3.o(.text.LCD_ready) refers (Special) to _printf_hex_int.o(.text) for _printf_longlong_hex
    module3.o(.text.LCD_ready) refers (Special) to _printf_percent.o(.ARM.Collect$$_printf_percent$$00000000) for _printf_percent
    module3.o(.text.LCD_ready) refers (Special) to _printf_x.o(.ARM.Collect$$_printf_percent$$0000000C) for _printf_x
    module3.o(.text.LCD_ready) refers to module3.o(.text.Delay) for Delay
    module3.o(.ARM.exidx.text.LCD_ready) refers (Special) to _printf_d.o(.ARM.Collect$$_printf_percent$$00000009) for _printf_d
    module3.o(.ARM.exidx.text.LCD_ready) refers (Special) to _printf_dec.o(.text) for _printf_int_dec
    module3.o(.ARM.exidx.text.LCD_ready) refers (Special) to _printf_lld.o(.ARM.Collect$$_printf_percent$$0000000E) for _printf_lld
    module3.o(.ARM.exidx.text.LCD_ready) refers (Special) to _printf_longlong_dec.o(.text) for _printf_longlong_dec
    module3.o(.ARM.exidx.text.LCD_ready) refers (Special) to _printf_hex_int.o(.text) for _printf_longlong_hex
    module3.o(.ARM.exidx.text.LCD_ready) refers (Special) to _printf_percent.o(.ARM.Collect$$_printf_percent$$00000000) for _printf_percent
    module3.o(.ARM.exidx.text.LCD_ready) refers (Special) to _printf_x.o(.ARM.Collect$$_printf_percent$$0000000C) for _printf_x
    module3.o(.ARM.exidx.text.LCD_ready) refers to module3.o(.text.LCD_ready) for [Anonymous Symbol]
    module3.o(.rodata.cst16) refers (Special) to _printf_d.o(.ARM.Collect$$_printf_percent$$00000009) for _printf_d
    module3.o(.rodata.cst16) refers (Special) to _printf_dec.o(.text) for _printf_int_dec
    module3.o(.rodata.cst16) refers (Special) to _printf_lld.o(.ARM.Collect$$_printf_percent$$0000000E) for _printf_lld
    module3.o(.rodata.cst16) refers (Special) to _printf_longlong_dec.o(.text) for _printf_longlong_dec
    module3.o(.rodata.cst16) refers (Special) to _printf_hex_int.o(.text) for _printf_longlong_hex
    module3.o(.rodata.cst16) refers (Special) to _printf_percent.o(.ARM.Collect$$_printf_percent$$00000000) for _printf_percent
    module3.o(.rodata.cst16) refers (Special) to _printf_x.o(.ARM.Collect$$_printf_percent$$0000000C) for _printf_x
    module3.o(.rodata.str1.1) refers (Special) to _printf_d.o(.ARM.Collect$$_printf_percent$$00000009) for _printf_d
    module3.o(.rodata.str1.1) refers (Special) to _printf_dec.o(.text) for _printf_int_dec
    module3.o(.rodata.str1.1) refers (Special) to _printf_lld.o(.ARM.Collect$$_printf_percent$$0000000E) for _printf_lld
    module3.o(.rodata.str1.1) refers (Special) to _printf_longlong_dec.o(.text) for _printf_longlong_dec
    module3.o(.rodata.str1.1) refers (Special) to _printf_hex_int.o(.text) for _printf_longlong_hex
    module3.o(.rodata.str1.1) refers (Special) to _printf_percent.o(.ARM.Collect$$_printf_percent$$00000000) for _printf_percent
    module3.o(.rodata.str1.1) refers (Special) to _printf_x.o(.ARM.Collect$$_printf_percent$$0000000C) for _printf_x
    module3.o(.ARM.use_no_argv) refers (Special) to _printf_d.o(.ARM.Collect$$_printf_percent$$00000009) for _printf_d
    module3.o(.ARM.use_no_argv) refers (Special) to _printf_dec.o(.text) for _printf_int_dec
    module3.o(.ARM.use_no_argv) refers (Special) to _printf_lld.o(.ARM.Collect$$_printf_percent$$0000000E) for _printf_lld
    module3.o(.ARM.use_no_argv) refers (Special) to _printf_longlong_dec.o(.text) for _printf_longlong_dec
    module3.o(.ARM.use_no_argv) refers (Special) to _printf_hex_int.o(.text) for _printf_longlong_hex
    module3.o(.ARM.use_no_argv) refers (Special) to _printf_percent.o(.ARM.Collect$$_printf_percent$$00000000) for _printf_percent
    module3.o(.ARM.use_no_argv) refers (Special) to _printf_x.o(.ARM.Collect$$_printf_percent$$0000000C) for _printf_x
    startup_mkl25z4.o(STACK) refers (Special) to heapauxi.o(.text) for __use_two_region_memory
    startup_mkl25z4.o(HEAP) refers (Special) to heapauxi.o(.text) for __use_two_region_memory
    startup_mkl25z4.o(RESET) refers (Special) to heapauxi.o(.text) for __use_two_region_memory
    startup_mkl25z4.o(RESET) refers to startup_mkl25z4.o(STACK) for __initial_sp
    startup_mkl25z4.o(RESET) refers to startup_mkl25z4.o(.text) for Reset_Handler
    startup_mkl25z4.o(.ARM.__at_0x400) refers (Special) to heapauxi.o(.text) for __use_two_region_memory
    startup_mkl25z4.o(.text) refers (Special) to heapauxi.o(.text) for __use_two_region_memory
    startup_mkl25z4.o(.text) refers to system_mkl25z4.o(.text.SystemInit) for SystemInit
    startup_mkl25z4.o(.text) refers to __main.o(!!!main) for __main
    startup_mkl25z4.o(.text) refers to startup_mkl25z4.o(HEAP) for Heap_Mem
    startup_mkl25z4.o(.text) refers to startup_mkl25z4.o(STACK) for Stack_Mem
    system_mkl25z4.o(.ARM.exidx.text.SystemInit) refers to system_mkl25z4.o(.text.SystemInit) for [Anonymous Symbol]
    system_mkl25z4.o(.text.SystemCoreClockUpdate) refers to aeabi_sdivfast.o(.text_divfast) for __aeabi_uidiv
    system_mkl25z4.o(.text.SystemCoreClockUpdate) refers to system_mkl25z4.o(.data.SystemCoreClock) for SystemCoreClock
    system_mkl25z4.o(.ARM.exidx.text.SystemCoreClockUpdate) refers to system_mkl25z4.o(.text.SystemCoreClockUpdate) for [Anonymous Symbol]
    llsdiv.o(.text) refers to lludiv.o(.text) for __aeabi_uldivmod
    __2sprintf.o(.text) refers to _printf_char_common.o(.text) for _printf_char_common
    __2sprintf.o(.text) refers to _sputc.o(.text) for _sputc
    noretval__2sprintf.o(.text) refers to _printf_char_common.o(.text) for _printf_char_common
    noretval__2sprintf.o(.text) refers to _sputc.o(.text) for _sputc
    __printf.o(.text) refers to _printf_percent.o(.ARM.Collect$$_printf_percent$$00000000) for _printf_percent
    _printf_dec.o(.text) refers to rtudiv10.o(.text) for __rt_udiv10
    _printf_dec.o(.text) refers to _printf_intcommon.o(.text) for _printf_int_common
    _printf_longlong_dec.o(.text) refers to lludiv10.o(.text) for _ll_udiv10
    _printf_longlong_dec.o(.text) refers to _printf_intcommon.o(.text) for _printf_int_common
    _printf_hex_ll.o(.text) refers to _printf_intcommon.o(.text) for _printf_int_common
    _printf_hex_ll.o(.text) refers to _printf_hex_ll.o(.constdata) for .constdata
    _printf_hex_int.o(.text) refers to _printf_intcommon.o(.text) for _printf_int_common
    _printf_hex_int.o(.text) refers to _printf_hex_int.o(.constdata) for .constdata
    _printf_hex_int_ll.o(.text) refers to _printf_intcommon.o(.text) for _printf_int_common
    _printf_hex_int_ll.o(.text) refers to _printf_hex_int_ll.o(.constdata) for .constdata
    _printf_hex_ptr.o(.text) refers to _printf_intcommon.o(.text) for _printf_int_common
    _printf_hex_ptr.o(.text) refers to _printf_hex_ptr.o(.constdata) for .constdata
    _printf_hex_int_ptr.o(.text) refers to _printf_intcommon.o(.text) for _printf_int_common
    _printf_hex_int_ptr.o(.text) refers to _printf_hex_int_ptr.o(.constdata) for .constdata
    _printf_hex_ll_ptr.o(.text) refers to _printf_intcommon.o(.text) for _printf_int_common
    _printf_hex_ll_ptr.o(.text) refers to _printf_hex_ll_ptr.o(.constdata) for .constdata
    _printf_hex_int_ll_ptr.o(.text) refers to _printf_intcommon.o(.text) for _printf_int_common
    _printf_hex_int_ll_ptr.o(.text) refers to _printf_hex_int_ll_ptr.o(.constdata) for .constdata
    __printf_flags.o(.text) refers to _printf_percent.o(.ARM.Collect$$_printf_percent$$00000000) for _printf_percent
    __printf_flags.o(.text) refers to __printf_flags.o(.constdata) for .constdata
    __printf_ss.o(.text) refers to _printf_percent.o(.ARM.Collect$$_printf_percent$$00000000) for _printf_percent
    __printf_flags_ss.o(.text) refers to _printf_percent.o(.ARM.Collect$$_printf_percent$$00000000) for _printf_percent
    __printf_flags_ss.o(.text) refers to __printf_flags_ss.o(.constdata) for .constdata
    __printf_wp.o(.text) refers to __printf_wp.o(i._is_digit) for _is_digit
    __printf_wp.o(.text) refers to _printf_percent.o(.ARM.Collect$$_printf_percent$$00000000) for _printf_percent
    __printf_flags_wp.o(.text) refers to __printf_wp.o(i._is_digit) for _is_digit
    __printf_flags_wp.o(.text) refers to _printf_percent.o(.ARM.Collect$$_printf_percent$$00000000) for _printf_percent
    __printf_flags_wp.o(.text) refers to __printf_flags_wp.o(.constdata) for .constdata
    __printf_ss_wp.o(.text) refers to __printf_wp.o(i._is_digit) for _is_digit
    __printf_ss_wp.o(.text) refers to _printf_percent.o(.ARM.Collect$$_printf_percent$$00000000) for _printf_percent
    __printf_flags_ss_wp.o(.text) refers to __printf_wp.o(i._is_digit) for _is_digit
    __printf_flags_ss_wp.o(.text) refers to _printf_percent.o(.ARM.Collect$$_printf_percent$$00000000) for _printf_percent
    __printf_flags_ss_wp.o(.text) refers to __printf_flags_ss_wp.o(.constdata) for .constdata
    _printf_x.o(.ARM.Collect$$_printf_percent$$0000000C) refers (Weak) to _printf_hex_int.o(.text) for _printf_int_hex
    _printf_d.o(.ARM.Collect$$_printf_percent$$00000009) refers (Weak) to _printf_dec.o(.text) for _printf_int_dec
    _printf_percent.o(.ARM.Collect$$_printf_percent$$00000000) refers (Special) to _printf_percent_end.o(.ARM.Collect$$_printf_percent$$00000017) for _printf_percent_end
    _printf_lld.o(.ARM.Collect$$_printf_percent$$0000000E) refers (Special) to _printf_ll.o(.ARM.Collect$$_printf_percent$$00000007) for _printf_ll
    _printf_lld.o(.ARM.Collect$$_printf_percent$$0000000E) refers (Weak) to _printf_longlong_dec.o(.text) for _printf_longlong_dec
    __main.o(!!!main) refers to __rtentry.o(.ARM.Collect$$rtentry$$00000000) for __rt_entry
    __rtentry.o(.ARM.Collect$$rtentry$$00000000) refers (Special) to __rtentry2.o(.ARM.Collect$$rtentry$$0000000A) for __rt_entry_li
    __rtentry.o(.ARM.Collect$$rtentry$$00000000) refers (Special) to __rtentry2.o(.ARM.Collect$$rtentry$$0000000D) for __rt_entry_main
    __rtentry.o(.ARM.Collect$$rtentry$$00000000) refers (Special) to __rtentry2.o(.ARM.Collect$$rtentry$$0000000C) for __rt_entry_postli_1
    __rtentry.o(.ARM.Collect$$rtentry$$00000000) refers (Special) to __rtentry2.o(.ARM.Collect$$rtentry$$00000009) for __rt_entry_postsh_1
    __rtentry.o(.ARM.Collect$$rtentry$$00000000) refers (Special) to __rtentry2.o(.ARM.Collect$$rtentry$$00000002) for __rt_entry_presh_1
    __rtentry.o(.ARM.Collect$$rtentry$$00000000) refers (Special) to __rtentry4.o(.ARM.Collect$$rtentry$$00000004) for __rt_entry_sh
    aeabi_idiv0_sigfpe.o(.text) refers to rt_div0.o(.text) for __rt_div0
    aeabi_ldiv0_sigfpe.o(.text) refers to rt_div0.o(.text) for __rt_div0
    _printf_char_common.o(.text) refers to __printf_ss.o(.text) for __printf
    __rtentry2.o(.ARM.Collect$$rtentry$$00000008) refers to boardinit2.o(.text) for _platform_post_stackheap_init
    __rtentry2.o(.ARM.Collect$$rtentry$$0000000A) refers to libinit.o(.ARM.Collect$$libinit$$00000000) for __rt_lib_init
    __rtentry2.o(.ARM.Collect$$rtentry$$0000000B) refers to boardinit3.o(.text) for _platform_post_lib_init
    __rtentry2.o(.ARM.Collect$$rtentry$$0000000D) refers to module3.o(.text.main) for main
    __rtentry2.o(.ARM.Collect$$rtentry$$0000000D) refers to exit.o(.text) for exit
    __rtentry2.o(.ARM.exidx) refers to __rtentry2.o(.ARM.Collect$$rtentry$$00000001) for .ARM.Collect$$rtentry$$00000001
    __rtentry2.o(.ARM.exidx) refers to __rtentry2.o(.ARM.Collect$$rtentry$$00000008) for .ARM.Collect$$rtentry$$00000008
    __rtentry2.o(.ARM.exidx) refers to __rtentry2.o(.ARM.Collect$$rtentry$$0000000A) for .ARM.Collect$$rtentry$$0000000A
    __rtentry2.o(.ARM.exidx) refers to __rtentry2.o(.ARM.Collect$$rtentry$$0000000B) for .ARM.Collect$$rtentry$$0000000B
    __rtentry2.o(.ARM.exidx) refers to __rtentry2.o(.ARM.Collect$$rtentry$$0000000D) for .ARM.Collect$$rtentry$$0000000D
    __rtentry4.o(.ARM.Collect$$rtentry$$00000004) refers to sys_stackheap_outer.o(.text) for __user_setup_stackheap
    __rtentry4.o(.ARM.exidx) refers to __rtentry4.o(.ARM.Collect$$rtentry$$00000004) for .ARM.Collect$$rtentry$$00000004
    rt_div0.o(.text) refers to defsig_fpe_outer.o(.text) for __rt_SIGFPE
    sys_stackheap_outer.o(.text) refers to libspace.o(.text) for __user_perproc_libspace
    sys_stackheap_outer.o(.text) refers to startup_mkl25z4.o(.text) for __user_initial_stackheap
    sys_stackheap_outer.o(__vectab_stack_and_reset_area) refers to tempstk.o(.text) for __temporary_stack_top
    sys_stackheap_outer.o(__vectab_stack_and_reset_area) refers to __main.o(!!!main) for __main
    exit.o(.text) refers to rtexit.o(.ARM.Collect$$rtexit$$00000000) for __rt_exit
    defsig_fpe_outer.o(.text) refers to defsig_fpe_inner.o(.text) for __rt_SIGFPE_inner
    defsig_fpe_outer.o(.text) refers to defsig_exit.o(.text) for __sig_exit
    defsig_fpe_formal.o(.text) refers to rt_raise.o(.text) for __rt_raise
    libinit.o(.ARM.Collect$$libinit$$00000000) refers (Special) to libinit2.o(.ARM.Collect$$libinit$$0000002E) for __rt_lib_init_alloca_1
    libinit.o(.ARM.Collect$$libinit$$00000000) refers (Special) to libinit2.o(.ARM.Collect$$libinit$$0000002C) for __rt_lib_init_argv_1
    libinit.o(.ARM.Collect$$libinit$$00000000) refers (Special) to libinit2.o(.ARM.Collect$$libinit$$0000001B) for __rt_lib_init_atexit_1
    libinit.o(.ARM.Collect$$libinit$$00000000) refers (Special) to libinit2.o(.ARM.Collect$$libinit$$00000021) for __rt_lib_init_clock_1
    libinit.o(.ARM.Collect$$libinit$$00000000) refers (Special) to libinit2.o(.ARM.Collect$$libinit$$00000032) for __rt_lib_init_cpp_1
    libinit.o(.ARM.Collect$$libinit$$00000000) refers (Special) to libinit2.o(.ARM.Collect$$libinit$$00000030) for __rt_lib_init_exceptions_1
    libinit.o(.ARM.Collect$$libinit$$00000000) refers (Special) to libinit2.o(.ARM.Collect$$libinit$$00000002) for __rt_lib_init_fp_1
    libinit.o(.ARM.Collect$$libinit$$00000000) refers (Special) to libinit2.o(.ARM.Collect$$libinit$$0000001F) for __rt_lib_init_fp_trap_1
    libinit.o(.ARM.Collect$$libinit$$00000000) refers (Special) to libinit2.o(.ARM.Collect$$libinit$$00000023) for __rt_lib_init_getenv_1
    libinit.o(.ARM.Collect$$libinit$$00000000) refers (Special) to libinit2.o(.ARM.Collect$$libinit$$0000000A) for __rt_lib_init_heap_1
    libinit.o(.ARM.Collect$$libinit$$00000000) refers (Special) to libinit2.o(.ARM.Collect$$libinit$$00000011) for __rt_lib_init_lc_collate_1
    libinit.o(.ARM.Collect$$libinit$$00000000) refers (Special) to libinit2.o(.ARM.Collect$$libinit$$00000013) for __rt_lib_init_lc_ctype_1
    libinit.o(.ARM.Collect$$libinit$$00000000) refers (Special) to libinit2.o(.ARM.Collect$$libinit$$00000015) for __rt_lib_init_lc_monetary_1
    libinit.o(.ARM.Collect$$libinit$$00000000) refers (Special) to libinit2.o(.ARM.Collect$$libinit$$00000017) for __rt_lib_init_lc_numeric_1
    libinit.o(.ARM.Collect$$libinit$$00000000) refers (Special) to libinit2.o(.ARM.Collect$$libinit$$00000019) for __rt_lib_init_lc_time_1
    libinit.o(.ARM.Collect$$libinit$$00000000) refers (Special) to libinit2.o(.ARM.Collect$$libinit$$00000004) for __rt_lib_init_preinit_1
    libinit.o(.ARM.Collect$$libinit$$00000000) refers (Special) to libinit2.o(.ARM.Collect$$libinit$$0000000E) for __rt_lib_init_rand_1
    libinit.o(.ARM.Collect$$libinit$$00000000) refers (Special) to libinit2.o(.ARM.Collect$$libinit$$00000033) for __rt_lib_init_return
    libinit.o(.ARM.Collect$$libinit$$00000000) refers (Special) to libinit2.o(.ARM.Collect$$libinit$$0000001D) for __rt_lib_init_signal_1
    libinit.o(.ARM.Collect$$libinit$$00000000) refers (Special) to libinit2.o(.ARM.Collect$$libinit$$00000025) for __rt_lib_init_stdio_1
    libinit.o(.ARM.Collect$$libinit$$00000000) refers (Special) to libinit2.o(.ARM.Collect$$libinit$$0000000C) for __rt_lib_init_user_alloc_1
    libspace.o(.text) refers to libspace.o(.bss) for __libspace_start
    rtexit.o(.ARM.Collect$$rtexit$$00000000) refers (Special) to rtexit2.o(.ARM.Collect$$rtexit$$00000004) for __rt_exit_exit
    rtexit.o(.ARM.Collect$$rtexit$$00000000) refers (Special) to rtexit2.o(.ARM.Collect$$rtexit$$00000003) for __rt_exit_ls
    rtexit.o(.ARM.Collect$$rtexit$$00000000) refers (Special) to rtexit2.o(.ARM.Collect$$rtexit$$00000002) for __rt_exit_prels_1
    rtexit.o(.ARM.exidx) refers (Special) to rtexit2.o(.ARM.Collect$$rtexit$$00000004) for __rt_exit_exit
    rtexit.o(.ARM.exidx) refers (Special) to rtexit2.o(.ARM.Collect$$rtexit$$00000003) for __rt_exit_ls
    rtexit.o(.ARM.exidx) refers (Special) to rtexit2.o(.ARM.Collect$$rtexit$$00000002) for __rt_exit_prels_1
    rtexit.o(.ARM.exidx) refers to rtexit.o(.ARM.Collect$$rtexit$$00000000) for .ARM.Collect$$rtexit$$00000000
    rt_raise.o(.text) refers to __raise.o(.text) for __raise
    rt_raise.o(.text) refers to sys_exit.o(.text) for _sys_exit
    defsig_exit.o(.text) refers to sys_exit.o(.text) for _sys_exit
    defsig_fpe_inner.o(.text) refers to defsig_general.o(.text) for __default_signal_display
    libinit2.o(.ARM.Collect$$libinit$$00000010) refers to libinit2.o(.ARM.Collect$$libinit$$0000000F) for .ARM.Collect$$libinit$$0000000F
    libinit2.o(.ARM.Collect$$libinit$$00000012) refers to libinit2.o(.ARM.Collect$$libinit$$0000000F) for .ARM.Collect$$libinit$$0000000F
    libinit2.o(.ARM.Collect$$libinit$$00000014) refers to libinit2.o(.ARM.Collect$$libinit$$0000000F) for .ARM.Collect$$libinit$$0000000F
    libinit2.o(.ARM.Collect$$libinit$$00000016) refers to libinit2.o(.ARM.Collect$$libinit$$0000000F) for .ARM.Collect$$libinit$$0000000F
    libinit2.o(.ARM.Collect$$libinit$$00000018) refers to libinit2.o(.ARM.Collect$$libinit$$0000000F) for .ARM.Collect$$libinit$$0000000F
    libinit2.o(.ARM.Collect$$libinit$$00000026) refers to argv_veneer.o(.text) for __ARM_argv_veneer
    libinit2.o(.ARM.Collect$$libinit$$00000027) refers to argv_veneer.o(.text) for __ARM_argv_veneer
    sys_exit.o(.text) refers (Special) to use_no_semi.o(.text) for __I$use$semihosting
    sys_exit.o(.text) refers (Special) to indicate_semi.o(.text) for __semihosting_library_function
    sys_exit_hlt.o(.text) refers (Special) to use_no_semi.o(.text) for __I$use$semihosting
    sys_exit_hlt.o(.text) refers (Special) to indicate_semi.o(.text) for __semihosting_library_function
    rtexit2.o(.ARM.Collect$$rtexit$$00000003) refers to libshutdown.o(.ARM.Collect$$libshutdown$$00000000) for __rt_lib_shutdown
    rtexit2.o(.ARM.Collect$$rtexit$$00000004) refers to sys_exit.o(.text) for _sys_exit
    rtexit2.o(.ARM.exidx) refers to rtexit2.o(.ARM.Collect$$rtexit$$00000001) for .ARM.Collect$$rtexit$$00000001
    rtexit2.o(.ARM.exidx) refers to rtexit2.o(.ARM.Collect$$rtexit$$00000003) for .ARM.Collect$$rtexit$$00000003
    rtexit2.o(.ARM.exidx) refers to rtexit2.o(.ARM.Collect$$rtexit$$00000004) for .ARM.Collect$$rtexit$$00000004
    __raise.o(.text) refers to defsig.o(CL$$defsig) for __default_signal_handler
    defsig_general.o(.text) refers to sys_wrch.o(.text) for _ttywrch
    sys_wrch.o(.text) refers (Special) to use_no_semi.o(.text) for __I$use$semihosting
    sys_wrch.o(.text) refers (Special) to indicate_semi.o(.text) for __semihosting_library_function
    sys_wrch_hlt.o(.text) refers (Special) to use_no_semi.o(.text) for __I$use$semihosting
    sys_wrch_hlt.o(.text) refers (Special) to indicate_semi.o(.text) for __semihosting_library_function
    defsig.o(CL$$defsig) refers to defsig_fpe_inner.o(.text) for __rt_SIGFPE_inner
    defsig.o(CL$$defsig) refers to defsig_rtmem_inner.o(.text) for __rt_SIGRTMEM_inner
    _get_argv_nomalloc.o(.text) refers (Special) to hrguard.o(.text) for __heap_region$guard
    _get_argv_nomalloc.o(.text) refers to defsig_rtmem_outer.o(.text) for __rt_SIGRTMEM
    _get_argv_nomalloc.o(.text) refers to sys_command.o(.text) for _sys_command_string
    libshutdown.o(.ARM.Collect$$libshutdown$$00000000) refers (Special) to libshutdown2.o(.ARM.Collect$$libshutdown$$00000002) for __rt_lib_shutdown_cpp_1
    libshutdown.o(.ARM.Collect$$libshutdown$$00000000) refers (Special) to libshutdown2.o(.ARM.Collect$$libshutdown$$00000007) for __rt_lib_shutdown_fp_trap_1
    libshutdown.o(.ARM.Collect$$libshutdown$$00000000) refers (Special) to libshutdown2.o(.ARM.Collect$$libshutdown$$0000000F) for __rt_lib_shutdown_heap_1
    libshutdown.o(.ARM.Collect$$libshutdown$$00000000) refers (Special) to libshutdown2.o(.ARM.Collect$$libshutdown$$00000010) for __rt_lib_shutdown_return
    libshutdown.o(.ARM.Collect$$libshutdown$$00000000) refers (Special) to libshutdown2.o(.ARM.Collect$$libshutdown$$0000000A) for __rt_lib_shutdown_signal_1
    libshutdown.o(.ARM.Collect$$libshutdown$$00000000) refers (Special) to libshutdown2.o(.ARM.Collect$$libshutdown$$00000004) for __rt_lib_shutdown_stdio_1
    libshutdown.o(.ARM.Collect$$libshutdown$$00000000) refers (Special) to libshutdown2.o(.ARM.Collect$$libshutdown$$0000000C) for __rt_lib_shutdown_user_alloc_1
    sys_command.o(.text) refers (Special) to use_no_semi.o(.text) for __I$use$semihosting
    sys_command.o(.text) refers (Special) to indicate_semi.o(.text) for __semihosting_library_function
    sys_command_hlt.o(.text) refers (Special) to use_no_semi.o(.text) for __I$use$semihosting
    sys_command_hlt.o(.text) refers (Special) to indicate_semi.o(.text) for __semihosting_library_function
    defsig_abrt_inner.o(.text) refers to defsig_general.o(.text) for __default_signal_display
    defsig_rtred_inner.o(.text) refers to defsig_general.o(.text) for __default_signal_display
    defsig_rtmem_inner.o(.text) refers to defsig_general.o(.text) for __default_signal_display
    defsig_rtmem_outer.o(.text) refers to defsig_rtmem_inner.o(.text) for __rt_SIGRTMEM_inner
    defsig_rtmem_outer.o(.text) refers to defsig_exit.o(.text) for __sig_exit
    defsig_rtmem_formal.o(.text) refers to rt_raise.o(.text) for __rt_raise
    defsig_stak_inner.o(.text) refers to defsig_general.o(.text) for __default_signal_display
    defsig_pvfn_inner.o(.text) refers to defsig_general.o(.text) for __default_signal_display
    defsig_cppl_inner.o(.text) refers to defsig_general.o(.text) for __default_signal_display
    defsig_segv_inner.o(.text) refers to defsig_general.o(.text) for __default_signal_display
    defsig_other.o(.text) refers to defsig_general.o(.text) for __default_signal_display


==============================================================================

Removing Unused input sections from the image.

    Removing module3.o(.text), (0 bytes).
    Removing module3.o(.ARM.exidx.text.main), (8 bytes).
    Removing module3.o(.ARM.exidx.text.LCD_init), (8 bytes).
    Removing module3.o(.ARM.exidx.text.LCD_command), (8 bytes).
    Removing module3.o(.ARM.exidx.text.LCD_data), (8 bytes).
    Removing module3.o(.ARM.exidx.text.keypad_init), (8 bytes).
    Removing module3.o(.ARM.exidx.text.keypad_getkey), (8 bytes).
    Removing module3.o(.ARM.exidx.text.Delay), (8 bytes).
    Removing module3.o(.ARM.exidx.text.LCD_ready), (8 bytes).
    Removing module3.o(.ARM.use_no_argv), (4 bytes).
    Removing system_mkl25z4.o(.text), (0 bytes).
    Removing system_mkl25z4.o(.ARM.exidx.text.SystemInit), (8 bytes).
    Removing system_mkl25z4.o(.text.SystemCoreClockUpdate), (272 bytes).
    Removing system_mkl25z4.o(.ARM.exidx.text.SystemCoreClockUpdate), (8 bytes).
    Removing system_mkl25z4.o(.data.SystemCoreClock), (4 bytes).

15 unused section(s) (total 360 bytes) removed from the image.

==============================================================================

Image Symbol Table

    Local Symbols

    Symbol Name                              Value     Ov Type        Size  Object(Section)

    ../clib/angel/boardlib.s                 0x00000000   Number         0  boardinit1.o ABSOLUTE
    ../clib/angel/boardlib.s                 0x00000000   Number         0  boardinit2.o ABSOLUTE
    ../clib/angel/boardlib.s                 0x00000000   Number         0  boardinit3.o ABSOLUTE
    ../clib/angel/boardlib.s                 0x00000000   Number         0  boardshut.o ABSOLUTE
    ../clib/angel/handlers.s                 0x00000000   Number         0  __scatter_zi.o ABSOLUTE
    ../clib/angel/kernel.s                   0x00000000   Number         0  __rtentry.o ABSOLUTE
    ../clib/angel/kernel.s                   0x00000000   Number         0  __rtentry2.o ABSOLUTE
    ../clib/angel/kernel.s                   0x00000000   Number         0  __rtentry4.o ABSOLUTE
    ../clib/angel/kernel.s                   0x00000000   Number         0  rtexit.o ABSOLUTE
    ../clib/angel/kernel.s                   0x00000000   Number         0  rtexit2.o ABSOLUTE
    ../clib/angel/rt.s                       0x00000000   Number         0  aeabi_idiv0.o ABSOLUTE
    ../clib/angel/rt.s                       0x00000000   Number         0  aeabi_idiv0_sigfpe.o ABSOLUTE
    ../clib/angel/rt.s                       0x00000000   Number         0  aeabi_ldiv0.o ABSOLUTE
    ../clib/angel/rt.s                       0x00000000   Number         0  aeabi_ldiv0_sigfpe.o ABSOLUTE
    ../clib/angel/rt.s                       0x00000000   Number         0  rt_div0.o ABSOLUTE
    ../clib/angel/rt.s                       0x00000000   Number         0  rt_raise.o ABSOLUTE
    ../clib/angel/scatterp.s                 0x00000000   Number         0  __scatter.o ABSOLUTE
    ../clib/angel/startup.s                  0x00000000   Number         0  __main.o ABSOLUTE
    ../clib/angel/sys.s                      0x00000000   Number         0  sys_stackheap_outer.o ABSOLUTE
    ../clib/angel/sys.s                      0x00000000   Number         0  libspace.o ABSOLUTE
    ../clib/angel/sys.s                      0x00000000   Number         0  tempstk.o ABSOLUTE
    ../clib/angel/sys.s                      0x00000000   Number         0  use_no_semi.o ABSOLUTE
    ../clib/angel/sys.s                      0x00000000   Number         0  indicate_semi.o ABSOLUTE
    ../clib/angel/sysapp.c                   0x00000000   Number         0  sys_exit.o ABSOLUTE
    ../clib/angel/sysapp.c                   0x00000000   Number         0  sys_exit_hlt.o ABSOLUTE
    ../clib/angel/sysapp.c                   0x00000000   Number         0  sys_wrch.o ABSOLUTE
    ../clib/angel/sysapp.c                   0x00000000   Number         0  sys_wrch_hlt.o ABSOLUTE
    ../clib/angel/sysapp.c                   0x00000000   Number         0  sys_command.o ABSOLUTE
    ../clib/angel/sysapp.c                   0x00000000   Number         0  sys_command_hlt.o ABSOLUTE
    ../clib/armsys.c                         0x00000000   Number         0  argv_veneer.o ABSOLUTE
    ../clib/armsys.c                         0x00000000   Number         0  _get_argv_nomalloc.o ABSOLUTE
    ../clib/armsys.c                         0x00000000   Number         0  no_argv.o ABSOLUTE
    ../clib/division.c                       0x00000000   Number         0  llsdiv.o ABSOLUTE
    ../clib/division.c                       0x00000000   Number         0  lludiv10.o ABSOLUTE
    ../clib/division.c                       0x00000000   Number         0  lludiv.o ABSOLUTE
    ../clib/division.c                       0x00000000   Number         0  rtudiv10.o ABSOLUTE
    ../clib/division.s                       0x00000000   Number         0  aeabi_sdivfast.o ABSOLUTE
    ../clib/division.s                       0x00000000   Number         0  aeabi_sdivfast_div0.o ABSOLUTE
    ../clib/heapalloc.c                      0x00000000   Number         0  hrguard.o ABSOLUTE
    ../clib/heapaux.c                        0x00000000   Number         0  heapauxi.o ABSOLUTE
    ../clib/libinit.s                        0x00000000   Number         0  libinit.o ABSOLUTE
    ../clib/libinit.s                        0x00000000   Number         0  libinit2.o ABSOLUTE
    ../clib/libinit.s                        0x00000000   Number         0  libshutdown.o ABSOLUTE
    ../clib/libinit.s                        0x00000000   Number         0  libshutdown2.o ABSOLUTE
    ../clib/longlong.c                       0x00000000   Number         0  llmul.o ABSOLUTE
    ../clib/misc.s                           0x00000000   Number         0  printf_stubs.o ABSOLUTE
    ../clib/printf.c                         0x00000000   Number         0  __2sprintf.o ABSOLUTE
    ../clib/printf.c                         0x00000000   Number         0  noretval__2sprintf.o ABSOLUTE
    ../clib/printf.c                         0x00000000   Number         0  __printf.o ABSOLUTE
    ../clib/printf.c                         0x00000000   Number         0  _printf_dec.o ABSOLUTE
    ../clib/printf.c                         0x00000000   Number         0  _printf_longlong_dec.o ABSOLUTE
    ../clib/printf.c                         0x00000000   Number         0  _printf_hex_ll.o ABSOLUTE
    ../clib/printf.c                         0x00000000   Number         0  _printf_hex_int.o ABSOLUTE
    ../clib/printf.c                         0x00000000   Number         0  _printf_hex_int_ll.o ABSOLUTE
    ../clib/printf.c                         0x00000000   Number         0  _printf_hex_ptr.o ABSOLUTE
    ../clib/printf.c                         0x00000000   Number         0  _printf_hex_int_ptr.o ABSOLUTE
    ../clib/printf.c                         0x00000000   Number         0  _printf_hex_ll_ptr.o ABSOLUTE
    ../clib/printf.c                         0x00000000   Number         0  _printf_hex_int_ll_ptr.o ABSOLUTE
    ../clib/printf.c                         0x00000000   Number         0  __printf_flags.o ABSOLUTE
    ../clib/printf.c                         0x00000000   Number         0  __printf_ss.o ABSOLUTE
    ../clib/printf.c                         0x00000000   Number         0  __printf_flags_ss.o ABSOLUTE
    ../clib/printf.c                         0x00000000   Number         0  __printf_wp.o ABSOLUTE
    ../clib/printf.c                         0x00000000   Number         0  __printf_flags_wp.o ABSOLUTE
    ../clib/printf.c                         0x00000000   Number         0  __printf_ss_wp.o ABSOLUTE
    ../clib/printf.c                         0x00000000   Number         0  __printf_flags_ss_wp.o ABSOLUTE
    ../clib/printf.c                         0x00000000   Number         0  _printf_intcommon.o ABSOLUTE
    ../clib/printf.c                         0x00000000   Number         0  _printf_char_common.o ABSOLUTE
    ../clib/printf.c                         0x00000000   Number         0  _sputc.o ABSOLUTE
    ../clib/printf.c                         0x00000000   Number         0  __printf_nopercent.o ABSOLUTE
    ../clib/printf_percent.s                 0x00000000   Number         0  _printf_x.o ABSOLUTE
    ../clib/printf_percent.s                 0x00000000   Number         0  _printf_d.o ABSOLUTE
    ../clib/printf_percent.s                 0x00000000   Number         0  _printf_percent.o ABSOLUTE
    ../clib/printf_percent.s                 0x00000000   Number         0  _printf_lld.o ABSOLUTE
    ../clib/printf_percent.s                 0x00000000   Number         0  _printf_percent_end.o ABSOLUTE
    ../clib/printf_percent.s                 0x00000000   Number         0  _printf_ll.o ABSOLUTE
    ../clib/signal.c                         0x00000000   Number         0  defsig_fpe_outer.o ABSOLUTE
    ../clib/signal.c                         0x00000000   Number         0  defsig_fpe_formal.o ABSOLUTE
    ../clib/signal.c                         0x00000000   Number         0  defsig_exit.o ABSOLUTE
    ../clib/signal.c                         0x00000000   Number         0  defsig_fpe_inner.o ABSOLUTE
    ../clib/signal.c                         0x00000000   Number         0  __raise.o ABSOLUTE
    ../clib/signal.c                         0x00000000   Number         0  defsig_general.o ABSOLUTE
    ../clib/signal.c                         0x00000000   Number         0  defsig_abrt_inner.o ABSOLUTE
    ../clib/signal.c                         0x00000000   Number         0  defsig_rtred_inner.o ABSOLUTE
    ../clib/signal.c                         0x00000000   Number         0  defsig_rtmem_inner.o ABSOLUTE
    ../clib/signal.c                         0x00000000   Number         0  defsig_rtmem_outer.o ABSOLUTE
    ../clib/signal.c                         0x00000000   Number         0  defsig_rtmem_formal.o ABSOLUTE
    ../clib/signal.c                         0x00000000   Number         0  defsig_stak_inner.o ABSOLUTE
    ../clib/signal.c                         0x00000000   Number         0  defsig_pvfn_inner.o ABSOLUTE
    ../clib/signal.c                         0x00000000   Number         0  defsig_cppl_inner.o ABSOLUTE
    ../clib/signal.c                         0x00000000   Number         0  defsig_segv_inner.o ABSOLUTE
    ../clib/signal.c                         0x00000000   Number         0  defsig_other.o ABSOLUTE
    ../clib/signal.s                         0x00000000   Number         0  defsig.o ABSOLUTE
    ../clib/stdlib.c                         0x00000000   Number         0  exit.o ABSOLUTE
    ../fplib/cfplib/fpinit.c                 0x00000000   Number         0  fpinit.o ABSOLUTE
    RTE/Device/MKL25Z128xxx4/startup_MKL25Z4.s 0x00000000   Number         0  startup_mkl25z4.o ABSOLUTE
    dc.s                                     0x00000000   Number         0  dc.o ABSOLUTE
    module3.c                                0x00000000   Number         0  module3.o ABSOLUTE
    system_MKL25Z4.c                         0x00000000   Number         0  system_mkl25z4.o ABSOLUTE
    RESET                                    0x00000000   Section      192  startup_mkl25z4.o(RESET)
    !!!main                                  0x000000c0   Section        8  __main.o(!!!main)
    !!!scatter                               0x000000c8   Section       60  __scatter.o(!!!scatter)
    !!handler_zi                             0x00000104   Section       28  __scatter_zi.o(!!handler_zi)
    .ARM.Collect$$_printf_percent$$00000000  0x00000120   Section        2  _printf_percent.o(.ARM.Collect$$_printf_percent$$00000000)
    .ARM.Collect$$_printf_percent$$00000007  0x00000122   Section       10  _printf_ll.o(.ARM.Collect$$_printf_percent$$00000007)
    .ARM.Collect$$_printf_percent$$00000009  0x0000012c   Section       10  _printf_d.o(.ARM.Collect$$_printf_percent$$00000009)
    .ARM.Collect$$_printf_percent$$0000000C  0x00000136   Section       10  _printf_x.o(.ARM.Collect$$_printf_percent$$0000000C)
    .ARM.Collect$$_printf_percent$$0000000E  0x00000140   Section       10  _printf_lld.o(.ARM.Collect$$_printf_percent$$0000000E)
    .ARM.Collect$$_printf_percent$$00000017  0x0000014a   Section        4  _printf_percent_end.o(.ARM.Collect$$_printf_percent$$00000017)
    .ARM.Collect$$libinit$$00000000          0x0000014e   Section        2  libinit.o(.ARM.Collect$$libinit$$00000000)
    .ARM.Collect$$libinit$$00000002          0x00000150   Section        0  libinit2.o(.ARM.Collect$$libinit$$00000002)
    .ARM.Collect$$libinit$$00000004          0x00000150   Section        0  libinit2.o(.ARM.Collect$$libinit$$00000004)
    .ARM.Collect$$libinit$$0000000A          0x00000150   Section        0  libinit2.o(.ARM.Collect$$libinit$$0000000A)
    .ARM.Collect$$libinit$$0000000C          0x00000150   Section        0  libinit2.o(.ARM.Collect$$libinit$$0000000C)
    .ARM.Collect$$libinit$$0000000E          0x00000150   Section        0  libinit2.o(.ARM.Collect$$libinit$$0000000E)
    .ARM.Collect$$libinit$$00000011          0x00000150   Section        0  libinit2.o(.ARM.Collect$$libinit$$00000011)
    .ARM.Collect$$libinit$$00000013          0x00000150   Section        0  libinit2.o(.ARM.Collect$$libinit$$00000013)
    .ARM.Collect$$libinit$$00000015          0x00000150   Section        0  libinit2.o(.ARM.Collect$$libinit$$00000015)
    .ARM.Collect$$libinit$$00000017          0x00000150   Section        0  libinit2.o(.ARM.Collect$$libinit$$00000017)
    .ARM.Collect$$libinit$$00000019          0x00000150   Section        0  libinit2.o(.ARM.Collect$$libinit$$00000019)
    .ARM.Collect$$libinit$$0000001B          0x00000150   Section        0  libinit2.o(.ARM.Collect$$libinit$$0000001B)
    .ARM.Collect$$libinit$$0000001D          0x00000150   Section        0  libinit2.o(.ARM.Collect$$libinit$$0000001D)
    .ARM.Collect$$libinit$$0000001F          0x00000150   Section        0  libinit2.o(.ARM.Collect$$libinit$$0000001F)
    .ARM.Collect$$libinit$$00000021          0x00000150   Section        0  libinit2.o(.ARM.Collect$$libinit$$00000021)
    .ARM.Collect$$libinit$$00000023          0x00000150   Section        0  libinit2.o(.ARM.Collect$$libinit$$00000023)
    .ARM.Collect$$libinit$$00000025          0x00000150   Section        0  libinit2.o(.ARM.Collect$$libinit$$00000025)
    .ARM.Collect$$libinit$$0000002C          0x00000150   Section        0  libinit2.o(.ARM.Collect$$libinit$$0000002C)
    .ARM.Collect$$libinit$$0000002E          0x00000150   Section        0  libinit2.o(.ARM.Collect$$libinit$$0000002E)
    .ARM.Collect$$libinit$$00000030          0x00000150   Section        0  libinit2.o(.ARM.Collect$$libinit$$00000030)
    .ARM.Collect$$libinit$$00000032          0x00000150   Section        0  libinit2.o(.ARM.Collect$$libinit$$00000032)
    .ARM.Collect$$libinit$$00000033          0x00000150   Section        2  libinit2.o(.ARM.Collect$$libinit$$00000033)
    .ARM.Collect$$libshutdown$$00000000      0x00000152   Section        2  libshutdown.o(.ARM.Collect$$libshutdown$$00000000)
    .ARM.Collect$$libshutdown$$00000002      0x00000154   Section        0  libshutdown2.o(.ARM.Collect$$libshutdown$$00000002)
    .ARM.Collect$$libshutdown$$00000004      0x00000154   Section        0  libshutdown2.o(.ARM.Collect$$libshutdown$$00000004)
    .ARM.Collect$$libshutdown$$00000007      0x00000154   Section        0  libshutdown2.o(.ARM.Collect$$libshutdown$$00000007)
    .ARM.Collect$$libshutdown$$0000000A      0x00000154   Section        0  libshutdown2.o(.ARM.Collect$$libshutdown$$0000000A)
    .ARM.Collect$$libshutdown$$0000000C      0x00000154   Section        0  libshutdown2.o(.ARM.Collect$$libshutdown$$0000000C)
    .ARM.Collect$$libshutdown$$0000000F      0x00000154   Section        0  libshutdown2.o(.ARM.Collect$$libshutdown$$0000000F)
    .ARM.Collect$$libshutdown$$00000010      0x00000154   Section        2  libshutdown2.o(.ARM.Collect$$libshutdown$$00000010)
    .ARM.Collect$$rtentry$$00000000          0x00000156   Section        0  __rtentry.o(.ARM.Collect$$rtentry$$00000000)
    .ARM.Collect$$rtentry$$00000002          0x00000156   Section        0  __rtentry2.o(.ARM.Collect$$rtentry$$00000002)
    .ARM.Collect$$rtentry$$00000004          0x00000156   Section        6  __rtentry4.o(.ARM.Collect$$rtentry$$00000004)
    .ARM.Collect$$rtentry$$00000009          0x0000015c   Section        0  __rtentry2.o(.ARM.Collect$$rtentry$$00000009)
    .ARM.Collect$$rtentry$$0000000A          0x0000015c   Section        4  __rtentry2.o(.ARM.Collect$$rtentry$$0000000A)
    .ARM.Collect$$rtentry$$0000000C          0x00000160   Section        0  __rtentry2.o(.ARM.Collect$$rtentry$$0000000C)
    .ARM.Collect$$rtentry$$0000000D          0x00000160   Section        8  __rtentry2.o(.ARM.Collect$$rtentry$$0000000D)
    .ARM.Collect$$rtexit$$00000000           0x00000168   Section        2  rtexit.o(.ARM.Collect$$rtexit$$00000000)
    .ARM.Collect$$rtexit$$00000002           0x0000016a   Section        0  rtexit2.o(.ARM.Collect$$rtexit$$00000002)
    .ARM.Collect$$rtexit$$00000003           0x0000016a   Section        4  rtexit2.o(.ARM.Collect$$rtexit$$00000003)
    .ARM.Collect$$rtexit$$00000004           0x0000016e   Section        6  rtexit2.o(.ARM.Collect$$rtexit$$00000004)
    .text                                    0x00000174   Section       64  startup_mkl25z4.o(.text)
    .text                                    0x000001b4   Section        0  llmul.o(.text)
    .text                                    0x000001e4   Section        0  llsdiv.o(.text)
    .text                                    0x0000028c   Section        0  __2sprintf.o(.text)
    .text                                    0x000002b8   Section        0  _printf_dec.o(.text)
    .text                                    0x00000324   Section        0  _printf_longlong_dec.o(.text)
    .text                                    0x00000394   Section        0  _printf_hex_int.o(.text)
    .text                                    0x000003ec   Section        0  heapauxi.o(.text)
    .text                                    0x000003f2   Section        0  _sputc.o(.text)
    .text                                    0x000003fc   Section        2  use_no_semi.o(.text)
    .text                                    0x000003fe   Section        0  indicate_semi.o(.text)
    .ARM.__at_0x400                          0x00000400   Section       16  startup_mkl25z4.o(.ARM.__at_0x400)
    .text                                    0x00000410   Section        0  __printf_ss.o(.text)
    .text                                    0x000004ce   Section        0  lludiv10.o(.text)
    .text                                    0x00000548   Section        0  lludiv.o(.text)
    .text                                    0x00000658   Section        0  _printf_intcommon.o(.text)
    _printf_input_char                       0x00000709   Thumb Code    10  _printf_char_common.o(.text)
    .text                                    0x00000708   Section        0  _printf_char_common.o(.text)
    .text                                    0x00000738   Section        0  rtudiv10.o(.text)
    .text                                    0x00000760   Section       62  sys_stackheap_outer.o(.text)
    .text                                    0x0000079e   Section        0  exit.o(.text)
    .text                                    0x000007b0   Section        8  libspace.o(.text)
    .text                                    0x000007b8   Section        0  sys_exit.o(.text)
    [Anonymous Symbol]                       0x000007c4   Section        0  module3.o(.text.Delay)
    [Anonymous Symbol]                       0x000007d8   Section        0  module3.o(.text.LCD_command)
    [Anonymous Symbol]                       0x000007fc   Section        0  module3.o(.text.LCD_data)
    __arm_cp.3_0                             0x00000824   Number         4  module3.o(.text.LCD_data)
    __arm_cp.3_1                             0x00000828   Number         4  module3.o(.text.LCD_data)
    [Anonymous Symbol]                       0x0000082c   Section        0  module3.o(.text.LCD_init)
    __arm_cp.1_1                             0x00000884   Number         4  module3.o(.text.LCD_init)
    __arm_cp.1_3                             0x00000888   Number         4  module3.o(.text.LCD_init)
    __arm_cp.1_4                             0x0000088c   Number         4  module3.o(.text.LCD_init)
    [Anonymous Symbol]                       0x00000890   Section        0  module3.o(.text.LCD_ready)
    __arm_cp.7_0                             0x000008e8   Number         4  module3.o(.text.LCD_ready)
    __arm_cp.7_1                             0x000008ec   Number         4  module3.o(.text.LCD_ready)
    [Anonymous Symbol]                       0x000008f0   Section        0  system_mkl25z4.o(.text.SystemInit)
    __arm_cp.0_0                             0x000008f8   Number         4  system_mkl25z4.o(.text.SystemInit)
    [Anonymous Symbol]                       0x000008fc   Section        0  module3.o(.text.keypad_getkey)
    __arm_cp.5_0                             0x000009a8   Number         4  module3.o(.text.keypad_getkey)
    [Anonymous Symbol]                       0x000009b0   Section        0  module3.o(.text.keypad_init)
    __arm_cp.4_0                             0x000009dc   Number         4  module3.o(.text.keypad_init)
    __arm_cp.4_1                             0x000009e0   Number         4  module3.o(.text.keypad_init)
    __arm_cp.4_2                             0x000009e4   Number         4  module3.o(.text.keypad_init)
    [Anonymous Symbol]                       0x000009e8   Section        0  module3.o(.text.main)
    __arm_cp.0_11                            0x00000cd0   Number         4  module3.o(.text.main)
    __arm_cp.0_12                            0x00000cd4   Number         4  module3.o(.text.main)
    __arm_cp.0_14                            0x00000cdc   Number         4  module3.o(.text.main)
    __arm_cp.0_3                             0x000010cc   Number         4  module3.o(.text.main)
    __arm_cp.0_4                             0x000010d0   Number         4  module3.o(.text.main)
    __arm_cp.0_5                             0x000010d4   Number         4  module3.o(.text.main)
    uc_hextab                                0x000010e0   Data          20  _printf_hex_int.o(.constdata)
    .constdata                               0x000010e0   Section       40  _printf_hex_int.o(.constdata)
    lc_hextab                                0x000010f4   Data          20  _printf_hex_int.o(.constdata)
    [Anonymous Symbol]                       0x00001108   Section        0  module3.o(.rodata.cst16)
    [Anonymous Symbol]                       0x00001118   Section        0  module3.o(.rodata.str1.1)
    .bss                                     0x1ffff000   Section       96  libspace.o(.bss)
    Heap_Mem                                 0x1ffff060   Data           0  startup_mkl25z4.o(HEAP)
    Stack_Mem                                0x1ffff060   Data         256  startup_mkl25z4.o(STACK)
    HEAP                                     0x1ffff060   Section        0  startup_mkl25z4.o(HEAP)
    STACK                                    0x1ffff060   Section      256  startup_mkl25z4.o(STACK)
    __initial_sp                             0x1ffff160   Data           0  startup_mkl25z4.o(STACK)

    Global Symbols

    Symbol Name                              Value     Ov Type        Size  Object(Section)

    BuildAttributes$$THM_ISAv3M$S$PE$A:L22$X:L11$S22$IEEE1$IW$~IW$USESV6$~STKCKD$USESV7$~SHL$OTIME$ROPI$EBA8$UX$STANDARDLIB$REQ8$PRES8$EABIv2 0x00000000   Number         0  anon$$obj.o ABSOLUTE
    __Vectors                                0x00000000   Data           4  startup_mkl25z4.o(RESET)
    _printf_flags                            0x00000000   Number         0  printf_stubs.o ABSOLUTE
    _printf_return_value                     0x00000000   Number         0  printf_stubs.o ABSOLUTE
    _printf_sizespec                         0x00000000   Number         0  printf_stubs.o ABSOLUTE
    _printf_widthprec                        0x00000000   Number         0  printf_stubs.o ABSOLUTE
    __ARM_exceptions_init                     - Undefined Weak Reference
    __alloca_initialize                       - Undefined Weak Reference
    __arm_preinit_                            - Undefined Weak Reference
    __cpp_initialize__aeabi_                  - Undefined Weak Reference
    __cxa_finalize                            - Undefined Weak Reference
    __rt_locale                               - Undefined Weak Reference
    __sigvec_lookup                           - Undefined Weak Reference
    _atexit_init                              - Undefined Weak Reference
    _call_atexit_fns                          - Undefined Weak Reference
    _clock_init                               - Undefined Weak Reference
    _fp_trap_init                             - Undefined Weak Reference
    _fp_trap_shutdown                         - Undefined Weak Reference
    _get_lc_collate                           - Undefined Weak Reference
    _get_lc_ctype                             - Undefined Weak Reference
    _get_lc_monetary                          - Undefined Weak Reference
    _get_lc_numeric                           - Undefined Weak Reference
    _get_lc_time                              - Undefined Weak Reference
    _getenv_init                              - Undefined Weak Reference
    _handle_redirection                       - Undefined Weak Reference
    _init_alloc                               - Undefined Weak Reference
    _init_user_alloc                          - Undefined Weak Reference
    _initio                                   - Undefined Weak Reference
    _printf_post_padding                      - Undefined Weak Reference
    _printf_pre_padding                       - Undefined Weak Reference
    _printf_truncate_signed                   - Undefined Weak Reference
    _printf_truncate_unsigned                 - Undefined Weak Reference
    _rand_init                                - Undefined Weak Reference
    _signal_finish                            - Undefined Weak Reference
    _signal_init                              - Undefined Weak Reference
    _terminate_alloc                          - Undefined Weak Reference
    _terminate_user_alloc                     - Undefined Weak Reference
    _terminateio                              - Undefined Weak Reference
    __Vectors_End                            0x000000c0   Data           0  startup_mkl25z4.o(RESET)
    __Vectors_Size                           0x000000c0   Number         0  startup_mkl25z4.o ABSOLUTE
    __main                                   0x000000c1   Thumb Code     8  __main.o(!!!main)
    __scatterload                            0x000000c9   Thumb Code     0  __scatter.o(!!!scatter)
    __scatterload_rt2                        0x000000c9   Thumb Code    52  __scatter.o(!!!scatter)
    __scatterload_rt2_thumb_only             0x000000c9   Thumb Code     0  __scatter.o(!!!scatter)
    __scatterload_null                       0x000000d9   Thumb Code     0  __scatter.o(!!!scatter)
    __scatterload_zeroinit                   0x00000105   Thumb Code    28  __scatter_zi.o(!!handler_zi)
    _printf_percent                          0x00000121   Thumb Code     0  _printf_percent.o(.ARM.Collect$$_printf_percent$$00000000)
    _printf_ll                               0x00000123   Thumb Code     0  _printf_ll.o(.ARM.Collect$$_printf_percent$$00000007)
    _printf_d                                0x0000012d   Thumb Code     0  _printf_d.o(.ARM.Collect$$_printf_percent$$00000009)
    _printf_x                                0x00000137   Thumb Code     0  _printf_x.o(.ARM.Collect$$_printf_percent$$0000000C)
    _printf_lld                              0x00000141   Thumb Code     0  _printf_lld.o(.ARM.Collect$$_printf_percent$$0000000E)
    _printf_percent_end                      0x0000014b   Thumb Code     0  _printf_percent_end.o(.ARM.Collect$$_printf_percent$$00000017)
    __rt_lib_init                            0x0000014f   Thumb Code     0  libinit.o(.ARM.Collect$$libinit$$00000000)
    __rt_lib_init_alloca_1                   0x00000151   Thumb Code     0  libinit2.o(.ARM.Collect$$libinit$$0000002E)
    __rt_lib_init_argv_1                     0x00000151   Thumb Code     0  libinit2.o(.ARM.Collect$$libinit$$0000002C)
    __rt_lib_init_atexit_1                   0x00000151   Thumb Code     0  libinit2.o(.ARM.Collect$$libinit$$0000001B)
    __rt_lib_init_clock_1                    0x00000151   Thumb Code     0  libinit2.o(.ARM.Collect$$libinit$$00000021)
    __rt_lib_init_cpp_1                      0x00000151   Thumb Code     0  libinit2.o(.ARM.Collect$$libinit$$00000032)
    __rt_lib_init_exceptions_1               0x00000151   Thumb Code     0  libinit2.o(.ARM.Collect$$libinit$$00000030)
    __rt_lib_init_fp_1                       0x00000151   Thumb Code     0  libinit2.o(.ARM.Collect$$libinit$$00000002)
    __rt_lib_init_fp_trap_1                  0x00000151   Thumb Code     0  libinit2.o(.ARM.Collect$$libinit$$0000001F)
    __rt_lib_init_getenv_1                   0x00000151   Thumb Code     0  libinit2.o(.ARM.Collect$$libinit$$00000023)
    __rt_lib_init_heap_1                     0x00000151   Thumb Code     0  libinit2.o(.ARM.Collect$$libinit$$0000000A)
    __rt_lib_init_lc_collate_1               0x00000151   Thumb Code     0  libinit2.o(.ARM.Collect$$libinit$$00000011)
    __rt_lib_init_lc_ctype_1                 0x00000151   Thumb Code     0  libinit2.o(.ARM.Collect$$libinit$$00000013)
    __rt_lib_init_lc_monetary_1              0x00000151   Thumb Code     0  libinit2.o(.ARM.Collect$$libinit$$00000015)
    __rt_lib_init_lc_numeric_1               0x00000151   Thumb Code     0  libinit2.o(.ARM.Collect$$libinit$$00000017)
    __rt_lib_init_lc_time_1                  0x00000151   Thumb Code     0  libinit2.o(.ARM.Collect$$libinit$$00000019)
    __rt_lib_init_preinit_1                  0x00000151   Thumb Code     0  libinit2.o(.ARM.Collect$$libinit$$00000004)
    __rt_lib_init_rand_1                     0x00000151   Thumb Code     0  libinit2.o(.ARM.Collect$$libinit$$0000000E)
    __rt_lib_init_return                     0x00000151   Thumb Code     0  libinit2.o(.ARM.Collect$$libinit$$00000033)
    __rt_lib_init_signal_1                   0x00000151   Thumb Code     0  libinit2.o(.ARM.Collect$$libinit$$0000001D)
    __rt_lib_init_stdio_1                    0x00000151   Thumb Code     0  libinit2.o(.ARM.Collect$$libinit$$00000025)
    __rt_lib_init_user_alloc_1               0x00000151   Thumb Code     0  libinit2.o(.ARM.Collect$$libinit$$0000000C)
    __rt_lib_shutdown                        0x00000153   Thumb Code     0  libshutdown.o(.ARM.Collect$$libshutdown$$00000000)
    __rt_lib_shutdown_cpp_1                  0x00000155   Thumb Code     0  libshutdown2.o(.ARM.Collect$$libshutdown$$00000002)
    __rt_lib_shutdown_fp_trap_1              0x00000155   Thumb Code     0  libshutdown2.o(.ARM.Collect$$libshutdown$$00000007)
    __rt_lib_shutdown_heap_1                 0x00000155   Thumb Code     0  libshutdown2.o(.ARM.Collect$$libshutdown$$0000000F)
    __rt_lib_shutdown_return                 0x00000155   Thumb Code     0  libshutdown2.o(.ARM.Collect$$libshutdown$$00000010)
    __rt_lib_shutdown_signal_1               0x00000155   Thumb Code     0  libshutdown2.o(.ARM.Collect$$libshutdown$$0000000A)
    __rt_lib_shutdown_stdio_1                0x00000155   Thumb Code     0  libshutdown2.o(.ARM.Collect$$libshutdown$$00000004)
    __rt_lib_shutdown_user_alloc_1           0x00000155   Thumb Code     0  libshutdown2.o(.ARM.Collect$$libshutdown$$0000000C)
    __rt_entry                               0x00000157   Thumb Code     0  __rtentry.o(.ARM.Collect$$rtentry$$00000000)
    __rt_entry_presh_1                       0x00000157   Thumb Code     0  __rtentry2.o(.ARM.Collect$$rtentry$$00000002)
    __rt_entry_sh                            0x00000157   Thumb Code     0  __rtentry4.o(.ARM.Collect$$rtentry$$00000004)
    __rt_entry_li                            0x0000015d   Thumb Code     0  __rtentry2.o(.ARM.Collect$$rtentry$$0000000A)
    __rt_entry_postsh_1                      0x0000015d   Thumb Code     0  __rtentry2.o(.ARM.Collect$$rtentry$$00000009)
    __rt_entry_main                          0x00000161   Thumb Code     0  __rtentry2.o(.ARM.Collect$$rtentry$$0000000D)
    __rt_entry_postli_1                      0x00000161   Thumb Code     0  __rtentry2.o(.ARM.Collect$$rtentry$$0000000C)
    __rt_exit                                0x00000169   Thumb Code     0  rtexit.o(.ARM.Collect$$rtexit$$00000000)
    __rt_exit_ls                             0x0000016b   Thumb Code     0  rtexit2.o(.ARM.Collect$$rtexit$$00000003)
    __rt_exit_prels_1                        0x0000016b   Thumb Code     0  rtexit2.o(.ARM.Collect$$rtexit$$00000002)
    __rt_exit_exit                           0x0000016f   Thumb Code     0  rtexit2.o(.ARM.Collect$$rtexit$$00000004)
    Reset_Handler                            0x00000175   Thumb Code    12  startup_mkl25z4.o(.text)
    NMI_Handler                              0x00000181   Thumb Code     2  startup_mkl25z4.o(.text)
    HardFault_Handler                        0x00000183   Thumb Code     2  startup_mkl25z4.o(.text)
    SVC_Handler                              0x00000185   Thumb Code     2  startup_mkl25z4.o(.text)
    PendSV_Handler                           0x00000187   Thumb Code     2  startup_mkl25z4.o(.text)
    SysTick_Handler                          0x00000189   Thumb Code     2  startup_mkl25z4.o(.text)
    ADC0_IRQHandler                          0x0000018b   Thumb Code     0  startup_mkl25z4.o(.text)
    CMP0_IRQHandler                          0x0000018b   Thumb Code     0  startup_mkl25z4.o(.text)
    DAC0_IRQHandler                          0x0000018b   Thumb Code     0  startup_mkl25z4.o(.text)
    DMA0_IRQHandler                          0x0000018b   Thumb Code     0  startup_mkl25z4.o(.text)
    DMA1_IRQHandler                          0x0000018b   Thumb Code     0  startup_mkl25z4.o(.text)
    DMA2_IRQHandler                          0x0000018b   Thumb Code     0  startup_mkl25z4.o(.text)
    DMA3_IRQHandler                          0x0000018b   Thumb Code     0  startup_mkl25z4.o(.text)
    DefaultISR                               0x0000018b   Thumb Code     0  startup_mkl25z4.o(.text)
    FTFA_IRQHandler                          0x0000018b   Thumb Code     0  startup_mkl25z4.o(.text)
    I2C0_IRQHandler                          0x0000018b   Thumb Code     0  startup_mkl25z4.o(.text)
    I2C1_IRQHandler                          0x0000018b   Thumb Code     0  startup_mkl25z4.o(.text)
    LLWU_IRQHandler                          0x0000018b   Thumb Code     0  startup_mkl25z4.o(.text)
    LPTMR0_IRQHandler                        0x0000018b   Thumb Code     0  startup_mkl25z4.o(.text)
    LVD_LVW_IRQHandler                       0x0000018b   Thumb Code     0  startup_mkl25z4.o(.text)
    MCG_IRQHandler                           0x0000018b   Thumb Code     0  startup_mkl25z4.o(.text)
    PIT_IRQHandler                           0x0000018b   Thumb Code     0  startup_mkl25z4.o(.text)
    PORTA_IRQHandler                         0x0000018b   Thumb Code     0  startup_mkl25z4.o(.text)
    PORTD_IRQHandler                         0x0000018b   Thumb Code     0  startup_mkl25z4.o(.text)
    RTC_IRQHandler                           0x0000018b   Thumb Code     0  startup_mkl25z4.o(.text)
    RTC_Seconds_IRQHandler                   0x0000018b   Thumb Code     0  startup_mkl25z4.o(.text)
    Reserved20_IRQHandler                    0x0000018b   Thumb Code     0  startup_mkl25z4.o(.text)
    Reserved39_IRQHandler                    0x0000018b   Thumb Code     0  startup_mkl25z4.o(.text)
    Reserved45_IRQHandler                    0x0000018b   Thumb Code     0  startup_mkl25z4.o(.text)
    SPI0_IRQHandler                          0x0000018b   Thumb Code     0  startup_mkl25z4.o(.text)
    SPI1_IRQHandler                          0x0000018b   Thumb Code     0  startup_mkl25z4.o(.text)
    TPM0_IRQHandler                          0x0000018b   Thumb Code     0  startup_mkl25z4.o(.text)
    TPM1_IRQHandler                          0x0000018b   Thumb Code     0  startup_mkl25z4.o(.text)
    TPM2_IRQHandler                          0x0000018b   Thumb Code     0  startup_mkl25z4.o(.text)
    TSI0_IRQHandler                          0x0000018b   Thumb Code     0  startup_mkl25z4.o(.text)
    UART0_IRQHandler                         0x0000018b   Thumb Code     0  startup_mkl25z4.o(.text)
    UART1_IRQHandler                         0x0000018b   Thumb Code     0  startup_mkl25z4.o(.text)
    UART2_IRQHandler                         0x0000018b   Thumb Code     0  startup_mkl25z4.o(.text)
    USB0_IRQHandler                          0x0000018b   Thumb Code     0  startup_mkl25z4.o(.text)
    __user_initial_stackheap                 0x00000191   Thumb Code     0  startup_mkl25z4.o(.text)
    __aeabi_lmul                             0x000001b5   Thumb Code    48  llmul.o(.text)
    _ll_mul                                  0x000001b5   Thumb Code     0  llmul.o(.text)
    __aeabi_ldivmod                          0x000001e5   Thumb Code   166  llsdiv.o(.text)
    _ll_sdiv                                 0x000001e5   Thumb Code     0  llsdiv.o(.text)
    __2sprintf                               0x0000028d   Thumb Code    40  __2sprintf.o(.text)
    _printf_int_dec                          0x000002b9   Thumb Code    90  _printf_dec.o(.text)
    _printf_longlong_dec                     0x00000325   Thumb Code    94  _printf_longlong_dec.o(.text)
    _printf_int_hex                          0x00000395   Thumb Code    84  _printf_hex_int.o(.text)
    _printf_longlong_hex                     0x00000395   Thumb Code     0  _printf_hex_int.o(.text)
    __use_two_region_memory                  0x000003ed   Thumb Code     2  heapauxi.o(.text)
    __rt_heap_escrow$2region                 0x000003ef   Thumb Code     2  heapauxi.o(.text)
    __rt_heap_expand$2region                 0x000003f1   Thumb Code     2  heapauxi.o(.text)
    _sputc                                   0x000003f3   Thumb Code    10  _sputc.o(.text)
    __I$use$semihosting                      0x000003fd   Thumb Code     0  use_no_semi.o(.text)
    __use_no_semihosting_swi                 0x000003fd   Thumb Code     2  use_no_semi.o(.text)
    __semihosting_library_function           0x000003ff   Thumb Code     0  indicate_semi.o(.text)
    __printf                                 0x00000411   Thumb Code   190  __printf_ss.o(.text)
    _ll_udiv10                               0x000004cf   Thumb Code   122  lludiv10.o(.text)
    __aeabi_uldivmod                         0x00000549   Thumb Code   272  lludiv.o(.text)
    _ll_udiv                                 0x00000549   Thumb Code     0  lludiv.o(.text)
    _printf_int_common                       0x00000659   Thumb Code   176  _printf_intcommon.o(.text)
    _printf_char_common                      0x00000713   Thumb Code    32  _printf_char_common.o(.text)
    __rt_udiv10                              0x00000739   Thumb Code    40  rtudiv10.o(.text)
    __user_setup_stackheap                   0x00000761   Thumb Code    62  sys_stackheap_outer.o(.text)
    exit                                     0x0000079f   Thumb Code    16  exit.o(.text)
    __user_libspace                          0x000007b1   Thumb Code     8  libspace.o(.text)
    __user_perproc_libspace                  0x000007b1   Thumb Code     0  libspace.o(.text)
    __user_perthread_libspace                0x000007b1   Thumb Code     0  libspace.o(.text)
    _sys_exit                                0x000007b9   Thumb Code     8  sys_exit.o(.text)
    Delay                                    0x000007c5   Thumb Code    18  module3.o(.text.Delay)
    LCD_command                              0x000007d9   Thumb Code    36  module3.o(.text.LCD_command)
    LCD_data                                 0x000007fd   Thumb Code    40  module3.o(.text.LCD_data)
    LCD_init                                 0x0000082d   Thumb Code    88  module3.o(.text.LCD_init)
    LCD_ready                                0x00000891   Thumb Code    88  module3.o(.text.LCD_ready)
    SystemInit                               0x000008f1   Thumb Code     8  system_mkl25z4.o(.text.SystemInit)
    keypad_getkey                            0x000008fd   Thumb Code   172  module3.o(.text.keypad_getkey)
    keypad_init                              0x000009b1   Thumb Code    44  module3.o(.text.keypad_init)
    main                                     0x000009e9   Thumb Code  1760  module3.o(.text.main)
    Region$$Table$$Base                      0x0000111c   Number         0  anon$$obj.o(Region$$Table)
    Region$$Table$$Limit                     0x0000112c   Number         0  anon$$obj.o(Region$$Table)
    __libspace_start                         0x1ffff000   Data          96  libspace.o(.bss)
    __temporary_stack_top$libspace           0x1ffff060   Data           0  libspace.o(.bss)



==============================================================================

Memory Map of the image

  Image Entry point : 0x00000175

  Load Region LR_1 (Base: 0x00000000, Size: 0x0000112c, Max: 0xffffffff, ABSOLUTE)

    Execution Region ER_RO (Exec base: 0x00000000, Load base: 0x00000000, Size: 0x0000112c, Max: 0xffffffff, ABSOLUTE)

    Exec Addr    Load Addr    Size         Type   Attr      Idx    E Section Name        Object

    0x00000000   0x00000000   0x000000c0   Data   RO           30    RESET               startup_mkl25z4.o
    0x000000c0   0x000000c0   0x00000008   Code   RO          124  * !!!main             c_p.l(__main.o)
    0x000000c8   0x000000c8   0x0000003c   Code   RO          319    !!!scatter          c_p.l(__scatter.o)
    0x00000104   0x00000104   0x0000001c   Code   RO          321    !!handler_zi        c_p.l(__scatter_zi.o)
    0x00000120   0x00000120   0x00000002   Code   RO          112    .ARM.Collect$$_printf_percent$$00000000  c_p.l(_printf_percent.o)
    0x00000122   0x00000122   0x0000000a   Code   RO          146    .ARM.Collect$$_printf_percent$$00000007  c_p.l(_printf_ll.o)
    0x0000012c   0x0000012c   0x0000000a   Code   RO          111    .ARM.Collect$$_printf_percent$$00000009  c_p.l(_printf_d.o)
    0x00000136   0x00000136   0x0000000a   Code   RO          110    .ARM.Collect$$_printf_percent$$0000000C  c_p.l(_printf_x.o)
    0x00000140   0x00000140   0x0000000a   Code   RO          113    .ARM.Collect$$_printf_percent$$0000000E  c_p.l(_printf_lld.o)
    0x0000014a   0x0000014a   0x00000004   Code   RO          145    .ARM.Collect$$_printf_percent$$00000017  c_p.l(_printf_percent_end.o)
    0x0000014e   0x0000014e   0x00000002   Code   RO          182    .ARM.Collect$$libinit$$00000000  c_p.l(libinit.o)
    0x00000150   0x00000150   0x00000000   Code   RO          196    .ARM.Collect$$libinit$$00000002  c_p.l(libinit2.o)
    0x00000150   0x00000150   0x00000000   Code   RO          198    .ARM.Collect$$libinit$$00000004  c_p.l(libinit2.o)
    0x00000150   0x00000150   0x00000000   Code   RO          201    .ARM.Collect$$libinit$$0000000A  c_p.l(libinit2.o)
    0x00000150   0x00000150   0x00000000   Code   RO          203    .ARM.Collect$$libinit$$0000000C  c_p.l(libinit2.o)
    0x00000150   0x00000150   0x00000000   Code   RO          205    .ARM.Collect$$libinit$$0000000E  c_p.l(libinit2.o)
    0x00000150   0x00000150   0x00000000   Code   RO          208    .ARM.Collect$$libinit$$00000011  c_p.l(libinit2.o)
    0x00000150   0x00000150   0x00000000   Code   RO          210    .ARM.Collect$$libinit$$00000013  c_p.l(libinit2.o)
    0x00000150   0x00000150   0x00000000   Code   RO          212    .ARM.Collect$$libinit$$00000015  c_p.l(libinit2.o)
    0x00000150   0x00000150   0x00000000   Code   RO          214    .ARM.Collect$$libinit$$00000017  c_p.l(libinit2.o)
    0x00000150   0x00000150   0x00000000   Code   RO          216    .ARM.Collect$$libinit$$00000019  c_p.l(libinit2.o)
    0x00000150   0x00000150   0x00000000   Code   RO          218    .ARM.Collect$$libinit$$0000001B  c_p.l(libinit2.o)
    0x00000150   0x00000150   0x00000000   Code   RO          220    .ARM.Collect$$libinit$$0000001D  c_p.l(libinit2.o)
    0x00000150   0x00000150   0x00000000   Code   RO          222    .ARM.Collect$$libinit$$0000001F  c_p.l(libinit2.o)
    0x00000150   0x00000150   0x00000000   Code   RO          224    .ARM.Collect$$libinit$$00000021  c_p.l(libinit2.o)
    0x00000150   0x00000150   0x00000000   Code   RO          226    .ARM.Collect$$libinit$$00000023  c_p.l(libinit2.o)
    0x00000150   0x00000150   0x00000000   Code   RO          228    .ARM.Collect$$libinit$$00000025  c_p.l(libinit2.o)
    0x00000150   0x00000150   0x00000000   Code   RO          232    .ARM.Collect$$libinit$$0000002C  c_p.l(libinit2.o)
    0x00000150   0x00000150   0x00000000   Code   RO          234    .ARM.Collect$$libinit$$0000002E  c_p.l(libinit2.o)
    0x00000150   0x00000150   0x00000000   Code   RO          236    .ARM.Collect$$libinit$$00000030  c_p.l(libinit2.o)
    0x00000150   0x00000150   0x00000000   Code   RO          238    .ARM.Collect$$libinit$$00000032  c_p.l(libinit2.o)
    0x00000150   0x00000150   0x00000002   Code   RO          239    .ARM.Collect$$libinit$$00000033  c_p.l(libinit2.o)
    0x00000152   0x00000152   0x00000002   Code   RO          274    .ARM.Collect$$libshutdown$$00000000  c_p.l(libshutdown.o)
    0x00000154   0x00000154   0x00000000   Code   RO          302    .ARM.Collect$$libshutdown$$00000002  c_p.l(libshutdown2.o)
    0x00000154   0x00000154   0x00000000   Code   RO          304    .ARM.Collect$$libshutdown$$00000004  c_p.l(libshutdown2.o)
    0x00000154   0x00000154   0x00000000   Code   RO          307    .ARM.Collect$$libshutdown$$00000007  c_p.l(libshutdown2.o)
    0x00000154   0x00000154   0x00000000   Code   RO          310    .ARM.Collect$$libshutdown$$0000000A  c_p.l(libshutdown2.o)
    0x00000154   0x00000154   0x00000000   Code   RO          312    .ARM.Collect$$libshutdown$$0000000C  c_p.l(libshutdown2.o)
    0x00000154   0x00000154   0x00000000   Code   RO          315    .ARM.Collect$$libshutdown$$0000000F  c_p.l(libshutdown2.o)
    0x00000154   0x00000154   0x00000002   Code   RO          316    .ARM.Collect$$libshutdown$$00000010  c_p.l(libshutdown2.o)
    0x00000156   0x00000156   0x00000000   Code   RO          126    .ARM.Collect$$rtentry$$00000000  c_p.l(__rtentry.o)
    0x00000156   0x00000156   0x00000000   Code   RO          150    .ARM.Collect$$rtentry$$00000002  c_p.l(__rtentry2.o)
    0x00000156   0x00000156   0x00000006   Code   RO          162    .ARM.Collect$$rtentry$$00000004  c_p.l(__rtentry4.o)
    0x0000015c   0x0000015c   0x00000000   Code   RO          152    .ARM.Collect$$rtentry$$00000009  c_p.l(__rtentry2.o)
    0x0000015c   0x0000015c   0x00000004   Code   RO          153    .ARM.Collect$$rtentry$$0000000A  c_p.l(__rtentry2.o)
    0x00000160   0x00000160   0x00000000   Code   RO          155    .ARM.Collect$$rtentry$$0000000C  c_p.l(__rtentry2.o)
    0x00000160   0x00000160   0x00000008   Code   RO          156    .ARM.Collect$$rtentry$$0000000D  c_p.l(__rtentry2.o)
    0x00000168   0x00000168   0x00000002   Code   RO          187    .ARM.Collect$$rtexit$$00000000  c_p.l(rtexit.o)
    0x0000016a   0x0000016a   0x00000000   Code   RO          245    .ARM.Collect$$rtexit$$00000002  c_p.l(rtexit2.o)
    0x0000016a   0x0000016a   0x00000004   Code   RO          246    .ARM.Collect$$rtexit$$00000003  c_p.l(rtexit2.o)
    0x0000016e   0x0000016e   0x00000006   Code   RO          247    .ARM.Collect$$rtexit$$00000004  c_p.l(rtexit2.o)
    0x00000174   0x00000174   0x00000040   Code   RO           32  * .text               startup_mkl25z4.o
    0x000001b4   0x000001b4   0x00000030   Code   RO           55    .text               c_p.l(llmul.o)
    0x000001e4   0x000001e4   0x000000a6   Code   RO           57    .text               c_p.l(llsdiv.o)
    0x0000028a   0x0000028a   0x00000002   PAD
    0x0000028c   0x0000028c   0x0000002c   Code   RO           59    .text               c_p.l(__2sprintf.o)
    0x000002b8   0x000002b8   0x0000006c   Code   RO           65    .text               c_p.l(_printf_dec.o)
    0x00000324   0x00000324   0x00000070   Code   RO           67    .text               c_p.l(_printf_longlong_dec.o)
    0x00000394   0x00000394   0x00000058   Code   RO           72    .text               c_p.l(_printf_hex_int.o)
    0x000003ec   0x000003ec   0x00000006   Code   RO          122    .text               c_p.l(heapauxi.o)
    0x000003f2   0x000003f2   0x0000000a   Code   RO          143    .text               c_p.l(_sputc.o)
    0x000003fc   0x000003fc   0x00000002   Code   RO          263    .text               c_p.l(use_no_semi.o)
    0x000003fe   0x000003fe   0x00000000   Code   RO          265    .text               c_p.l(indicate_semi.o)
    0x000003fe   0x000003fe   0x00000002   PAD
    0x00000400   0x00000400   0x00000010   Code   RO           31    .ARM.__at_0x400     startup_mkl25z4.o
    0x00000410   0x00000410   0x000000be   Code   RO           93    .text               c_p.l(__printf_ss.o)
    0x000004ce   0x000004ce   0x0000007a   Code   RO          135    .text               c_p.l(lludiv10.o)
    0x00000548   0x00000548   0x00000110   Code   RO          137    .text               c_p.l(lludiv.o)
    0x00000658   0x00000658   0x000000b0   Code   RO          139    .text               c_p.l(_printf_intcommon.o)
    0x00000708   0x00000708   0x00000030   Code   RO          141    .text               c_p.l(_printf_char_common.o)
    0x00000738   0x00000738   0x00000028   Code   RO          147    .text               c_p.l(rtudiv10.o)
    0x00000760   0x00000760   0x0000003e   Code   RO          168    .text               c_p.l(sys_stackheap_outer.o)
    0x0000079e   0x0000079e   0x00000010   Code   RO          171    .text               c_p.l(exit.o)
    0x000007ae   0x000007ae   0x00000002   PAD
    0x000007b0   0x000007b0   0x00000008   Code   RO          183    .text               c_p.l(libspace.o)
    0x000007b8   0x000007b8   0x0000000c   Code   RO          240    .text               c_p.l(sys_exit.o)
    0x000007c4   0x000007c4   0x00000012   Code   RO           14    .text.Delay         module3.o
    0x000007d6   0x000007d6   0x00000002   PAD
    0x000007d8   0x000007d8   0x00000024   Code   RO            6    .text.LCD_command   module3.o
    0x000007fc   0x000007fc   0x00000030   Code   RO            8    .text.LCD_data      module3.o
    0x0000082c   0x0000082c   0x00000064   Code   RO            4    .text.LCD_init      module3.o
    0x00000890   0x00000890   0x00000060   Code   RO           16    .text.LCD_ready     module3.o
    0x000008f0   0x000008f0   0x0000000c   Code   RO           41    .text.SystemInit    system_mkl25z4.o
    0x000008fc   0x000008fc   0x000000b4   Code   RO           12    .text.keypad_getkey  module3.o
    0x000009b0   0x000009b0   0x00000038   Code   RO           10    .text.keypad_init   module3.o
    0x000009e8   0x000009e8   0x000006f8   Code   RO            2    .text.main          module3.o
    0x000010e0   0x000010e0   0x00000028   Data   RO           73    .constdata          c_p.l(_printf_hex_int.o)
    0x00001108   0x00001108   0x00000010   Data   RO           18    .rodata.cst16       module3.o
    0x00001118   0x00001118   0x00000003   Data   RO           19    .rodata.str1.1      module3.o
    0x0000111b   0x0000111b   0x00000001   PAD
    0x0000111c   0x0000111c   0x00000010   Data   RO          318    Region$$Table       anon$$obj.o


    Execution Region ER_RW (Exec base: 0x1ffff000, Load base: 0x0000112c, Size: 0x00000000, Max: 0xffffffff, ABSOLUTE)

    **** No section assigned to this execution region ****


    Execution Region ER_ZI (Exec base: 0x1ffff000, Load base: 0x0000112c, Size: 0x00000160, Max: 0xffffffff, ABSOLUTE)

    Exec Addr    Load Addr    Size         Type   Attr      Idx    E Section Name        Object

    0x1ffff000        -       0x00000060   Zero   RW          184    .bss                c_p.l(libspace.o)
    0x1ffff060        -       0x00000000   Zero   RW           29    HEAP                startup_mkl25z4.o
    0x1ffff060        -       0x00000100   Zero   RW           28    STACK               startup_mkl25z4.o


==============================================================================

Image component sizes


      Code (inc. data)   RO Data    RW Data    ZI Data      Debug   Object Name

      2318        456         19          0          0       7898   module3.o
        80         44        192          0        256        904   startup_mkl25z4.o
        12          4          0          0          0       2512   system_mkl25z4.o

    ----------------------------------------------------------------------
      2412        504        228          0        256      11314   Object Totals
         0          0         16          0          0          0   (incl. Generated)
         2          0          1          0          0          0   (incl. Padding)

    ----------------------------------------------------------------------

      Code (inc. data)   RO Data    RW Data    ZI Data      Debug   Library Member Name

        44          4          0          0          0         84   __2sprintf.o
         8          0          0          0          0         68   __main.o
       190          0          0          0          0         76   __printf_ss.o
         0          0          0          0          0          0   __rtentry.o
        12          0          0          0          0          0   __rtentry2.o
         6          0          0          0          0          0   __rtentry4.o
        60          8          0          0          0          0   __scatter.o
        28          0          0          0          0          0   __scatter_zi.o
        48          6          0          0          0         88   _printf_char_common.o
        10          0          0          0          0          0   _printf_d.o
       108         18          0          0          0         76   _printf_dec.o
        88          4         40          0          0         72   _printf_hex_int.o
       176          0          0          0          0         84   _printf_intcommon.o
        10          0          0          0          0          0   _printf_ll.o
        10          0          0          0          0          0   _printf_lld.o
       112         18          0          0          0         76   _printf_longlong_dec.o
         2          0          0          0          0          0   _printf_percent.o
         4          0          0          0          0          0   _printf_percent_end.o
        10          0          0          0          0          0   _printf_x.o
        10          0          0          0          0         60   _sputc.o
        16          0          0          0          0         68   exit.o
         6          0          0          0          0        136   heapauxi.o
         0          0          0          0          0          0   indicate_semi.o
         2          0          0          0          0          0   libinit.o
         2          0          0          0          0          0   libinit2.o
         2          0          0          0          0          0   libshutdown.o
         2          0          0          0          0          0   libshutdown2.o
         8          4          0          0         96         68   libspace.o
        48          0          0          0          0         72   llmul.o
       166          0          0          0          0         72   llsdiv.o
       272          0          0          0          0         88   lludiv.o
       122          0          0          0          0         72   lludiv10.o
         2          0          0          0          0          0   rtexit.o
        10          0          0          0          0          0   rtexit2.o
        40          0          0          0          0         60   rtudiv10.o
        12          4          0          0          0         60   sys_exit.o
        62          0          0          0          0         80   sys_stackheap_outer.o
         2          0          0          0          0         68   use_no_semi.o

    ----------------------------------------------------------------------
      1716         66         40          0         96       1528   Library Totals
         6          0          0          0          0          0   (incl. Padding)

    ----------------------------------------------------------------------

      Code (inc. data)   RO Data    RW Data    ZI Data      Debug   Library Name

      1710         66         40          0         96       1528   c_p.l

    ----------------------------------------------------------------------
      1716         66         40          0         96       1528   Library Totals

    ----------------------------------------------------------------------

==============================================================================


      Code (inc. data)   RO Data    RW Data    ZI Data      Debug   

      4128        570        268          0        352      12090   Grand Totals
      4128        570        268          0        352      12090   ELF Image Totals
      4128        570        268          0          0          0   ROM Totals

==============================================================================

    Total RO  Size (Code + RO Data)                 4396 (   4.29kB)
    Total RW  Size (RW Data + ZI Data)               352 (   0.34kB)
    Total ROM Size (Code + RO Data + RW Data)       4396 (   4.29kB)

==============================================================================

