Component: ARM Compiler 6.16 Tool: armlink [5dfeaa00]

==============================================================================

Section Cross References

    module3.o(.text.main) refers to module3.o(.text.init_switch) for init_switch
    module3.o(.text.main) refers to module3.o(.text.PORTD_IRQHandler) for PORTD_IRQHandler
    module3.o(.text.main) refers to module3.o(.text.ADC0_init) for ADC0_init
    module3.o(.text.main) refers to module3.o(.text.Delay) for Delay
    module3.o(.text.main) refers to fflti.o(.text) for __aeabi_i2f
    module3.o(.text.main) refers to fmul.o(x$fpl$fmul) for __aeabi_fmul
    module3.o(.text.main) refers to sinf.o(i.sinf) for sinf
    module3.o(.text.main) refers to faddsub.o(x$fpl$fadd) for __aeabi_fadd
    module3.o(.text.main) refers to ffixi.o(.text) for __aeabi_f2iz
    module3.o(.text.main) refers to module3.o(.text.DAC0_init) for DAC0_init
    module3.o(.text.main) refers to aeabi_sdivfast.o(.text_divfast) for __aeabi_idiv
    module3.o(.text.main) refers to module3.o(.bss.count) for count
    module3.o(.text.main) refers to module3.o(.bss.rad) for rad
    module3.o(.text.main) refers to module3.o(.bss.sineWave) for sineWave
    module3.o(.text.main) refers to module3.o(.bss.squareWave) for squareWave
    module3.o(.text.main) refers to module3.o(.bss.triangleWave) for triangleWave
    module3.o(.ARM.exidx.text.main) refers to module3.o(.text.main) for [Anonymous Symbol]
    module3.o(.text.init_switch) refers to module3.o(.text.__NVIC_SetPriority) for __NVIC_SetPriority
    module3.o(.text.init_switch) refers to module3.o(.text.__NVIC_ClearPendingIRQ) for __NVIC_ClearPendingIRQ
    module3.o(.text.init_switch) refers to module3.o(.text.__NVIC_EnableIRQ) for __NVIC_EnableIRQ
    module3.o(.ARM.exidx.text.init_switch) refers to module3.o(.text.init_switch) for [Anonymous Symbol]
    module3.o(.text.PORTD_IRQHandler) refers to module3.o(.text.Delay) for Delay
    module3.o(.text.PORTD_IRQHandler) refers to module3.o(.bss.count) for count
    module3.o(.ARM.exidx.text.PORTD_IRQHandler) refers to module3.o(.text.PORTD_IRQHandler) for [Anonymous Symbol]
    module3.o(.ARM.exidx.text.ADC0_init) refers to module3.o(.text.ADC0_init) for [Anonymous Symbol]
    module3.o(.ARM.exidx.text.DAC0_init) refers to module3.o(.text.DAC0_init) for [Anonymous Symbol]
    module3.o(.ARM.exidx.text.Delay) refers to module3.o(.text.Delay) for [Anonymous Symbol]
    module3.o(.ARM.exidx.text.__NVIC_SetPriority) refers to module3.o(.text.__NVIC_SetPriority) for [Anonymous Symbol]
    module3.o(.ARM.exidx.text.__NVIC_ClearPendingIRQ) refers to module3.o(.text.__NVIC_ClearPendingIRQ) for [Anonymous Symbol]
    module3.o(.ARM.exidx.text.__NVIC_EnableIRQ) refers to module3.o(.text.__NVIC_EnableIRQ) for [Anonymous Symbol]
    startup_mkl25z4.o(STACK) refers (Special) to heapauxi.o(.text) for __use_two_region_memory
    startup_mkl25z4.o(HEAP) refers (Special) to heapauxi.o(.text) for __use_two_region_memory
    startup_mkl25z4.o(RESET) refers (Special) to heapauxi.o(.text) for __use_two_region_memory
    startup_mkl25z4.o(RESET) refers to startup_mkl25z4.o(STACK) for __initial_sp
    startup_mkl25z4.o(RESET) refers to startup_mkl25z4.o(.text) for Reset_Handler
    startup_mkl25z4.o(RESET) refers to module3.o(.text.PORTD_IRQHandler) for PORTD_IRQHandler
    startup_mkl25z4.o(.ARM.__at_0x400) refers (Special) to heapauxi.o(.text) for __use_two_region_memory
    startup_mkl25z4.o(.text) refers (Special) to heapauxi.o(.text) for __use_two_region_memory
    startup_mkl25z4.o(.text) refers to system_mkl25z4.o(.text.SystemInit) for SystemInit
    startup_mkl25z4.o(.text) refers to __main.o(!!!main) for __main
    startup_mkl25z4.o(.text) refers to startup_mkl25z4.o(HEAP) for Heap_Mem
    startup_mkl25z4.o(.text) refers to startup_mkl25z4.o(STACK) for Stack_Mem
    system_mkl25z4.o(.ARM.exidx.text.SystemInit) refers to system_mkl25z4.o(.text.SystemInit) for [Anonymous Symbol]
    system_mkl25z4.o(.text.SystemCoreClockUpdate) refers to aeabi_sdivfast.o(.text_divfast) for __aeabi_uidiv
    system_mkl25z4.o(.text.SystemCoreClockUpdate) refers to system_mkl25z4.o(.data.SystemCoreClock) for SystemCoreClock
    system_mkl25z4.o(.ARM.exidx.text.SystemCoreClockUpdate) refers to system_mkl25z4.o(.text.SystemCoreClockUpdate) for [Anonymous Symbol]
    __main.o(!!!main) refers to __rtentry.o(.ARM.Collect$$rtentry$$00000000) for __rt_entry
    faddsub.o(x$fpl$fadd) refers (Special) to usenofp.o(x$fpl$usenofp) for __I$use$fp
    faddsub.o(x$fpl$fadd) refers to faddsub.o(x$fpl$fsub) for _fsub1
    faddsub.o(x$fpl$frsb) refers (Special) to usenofp.o(x$fpl$usenofp) for __I$use$fp
    faddsub.o(x$fpl$frsb) refers to faddsub.o(x$fpl$fsub) for _fsub1
    faddsub.o(x$fpl$frsb) refers to faddsub.o(x$fpl$fadd) for _fadd1
    faddsub.o(x$fpl$fsub) refers (Special) to usenofp.o(x$fpl$usenofp) for __I$use$fp
    faddsub.o(x$fpl$fsub) refers to faddsub.o(x$fpl$fadd) for _fadd1
    ffixi.o(.text) refers (Special) to usenofp.o(x$fpl$usenofp) for __I$use$fp
    fflti.o(.text) refers (Special) to usenofp.o(x$fpl$usenofp) for __I$use$fp
    fmul.o(x$fpl$fmul) refers (Special) to usenofp.o(x$fpl$usenofp) for __I$use$fp
    sinf.o(i.__softfp_sinf) refers (Special) to usenofp.o(x$fpl$usenofp) for __I$use$fp
    sinf.o(i.__softfp_sinf) refers to sinf.o(i.sinf) for sinf
    sinf.o(i.sinf) refers (Special) to usenofp.o(x$fpl$usenofp) for __I$use$fp
    sinf.o(i.sinf) refers to fmul.o(x$fpl$fmul) for __aeabi_fmul
    sinf.o(i.sinf) refers to frnd.o(.text) for _frnd
    sinf.o(i.sinf) refers to ffixi.o(.text) for __aeabi_f2iz
    sinf.o(i.sinf) refers to faddsub.o(x$fpl$frsb) for __aeabi_frsub
    sinf.o(i.sinf) refers to faddsub.o(x$fpl$fsub) for __aeabi_fsub
    sinf.o(i.sinf) refers to faddsub.o(x$fpl$fadd) for __aeabi_fadd
    sinf.o(i.sinf) refers to rredf.o(i.__mathlib_rredf2) for __mathlib_rredf2
    sinf.o(i.sinf) refers to fpclassifyf.o(i.__ARM_fpclassifyf) for __ARM_fpclassifyf
    sinf.o(i.sinf) refers to funder.o(i.__mathlib_flt_underflow) for __mathlib_flt_underflow
    sinf.o(i.sinf) refers to _rserrno.o(.text) for __set_errno
    sinf.o(i.sinf) refers to funder.o(i.__mathlib_flt_invalid) for __mathlib_flt_invalid
    sinf.o(i.sinf) refers to funder.o(i.__mathlib_flt_infnan) for __mathlib_flt_infnan
    __rtentry.o(.ARM.Collect$$rtentry$$00000000) refers (Special) to __rtentry2.o(.ARM.Collect$$rtentry$$0000000A) for __rt_entry_li
    __rtentry.o(.ARM.Collect$$rtentry$$00000000) refers (Special) to __rtentry2.o(.ARM.Collect$$rtentry$$0000000D) for __rt_entry_main
    __rtentry.o(.ARM.Collect$$rtentry$$00000000) refers (Special) to __rtentry2.o(.ARM.Collect$$rtentry$$0000000C) for __rt_entry_postli_1
    __rtentry.o(.ARM.Collect$$rtentry$$00000000) refers (Special) to __rtentry2.o(.ARM.Collect$$rtentry$$00000009) for __rt_entry_postsh_1
    __rtentry.o(.ARM.Collect$$rtentry$$00000000) refers (Special) to __rtentry2.o(.ARM.Collect$$rtentry$$00000002) for __rt_entry_presh_1
    __rtentry.o(.ARM.Collect$$rtentry$$00000000) refers (Special) to __rtentry4.o(.ARM.Collect$$rtentry$$00000004) for __rt_entry_sh
    aeabi_idiv0_sigfpe.o(.text) refers to rt_div0.o(.text) for __rt_div0
    _rserrno.o(.text) refers to rt_errno_addr_intlibspace.o(.text) for __aeabi_errno_addr
    frnd.o(.text) refers (Special) to usenofp.o(x$fpl$usenofp) for __I$use$fp
    fpclassifyf.o(i.__ARM_fpclassifyf) refers (Special) to usenofp.o(x$fpl$usenofp) for __I$use$fp
    funder.o(i.__mathlib_flt_divzero) refers to fdiv.o(.text) for __aeabi_fdiv
    funder.o(i.__mathlib_flt_infnan) refers to fscalbn.o(.text) for __ARM_scalbnf
    funder.o(i.__mathlib_flt_infnan2) refers to faddsub.o(x$fpl$fadd) for __aeabi_fadd
    funder.o(i.__mathlib_flt_invalid) refers to fdiv.o(.text) for __aeabi_fdiv
    funder.o(i.__mathlib_flt_overflow) refers to fscalbn.o(.text) for __ARM_scalbnf
    funder.o(i.__mathlib_flt_posinfnan) refers to fmul.o(x$fpl$fmul) for __aeabi_fmul
    funder.o(i.__mathlib_flt_underflow) refers to fscalbn.o(.text) for __ARM_scalbnf
    rredf.o(i.__mathlib_rredf2) refers (Special) to usenofp.o(x$fpl$usenofp) for __I$use$fp
    rredf.o(i.__mathlib_rredf2) refers to rredf.o(i.__ARM_common_ll_muluu) for __ARM_common_ll_muluu
    rredf.o(i.__mathlib_rredf2) refers to fflti.o(.text) for __aeabi_i2f
    rredf.o(i.__mathlib_rredf2) refers to fscalbn.o(.text) for __ARM_scalbnf
    rredf.o(i.__mathlib_rredf2) refers to faddsub.o(x$fpl$fadd) for __aeabi_fadd
    rredf.o(i.__mathlib_rredf2) refers to faddsub.o(x$fpl$fsub) for __aeabi_fsub
    rredf.o(i.__mathlib_rredf2) refers to faddsub.o(x$fpl$frsb) for __aeabi_frsub
    rredf.o(i.__mathlib_rredf2) refers to fmul.o(x$fpl$fmul) for __aeabi_fmul
    rredf.o(i.__mathlib_rredf2) refers to rredf.o(.constdata) for .constdata
    rredf.o(.constdata) refers (Special) to usenofp.o(x$fpl$usenofp) for __I$use$fp
    __rtentry2.o(.ARM.Collect$$rtentry$$00000008) refers to boardinit2.o(.text) for _platform_post_stackheap_init
    __rtentry2.o(.ARM.Collect$$rtentry$$0000000A) refers to libinit.o(.ARM.Collect$$libinit$$00000000) for __rt_lib_init
    __rtentry2.o(.ARM.Collect$$rtentry$$0000000B) refers to boardinit3.o(.text) for _platform_post_lib_init
    __rtentry2.o(.ARM.Collect$$rtentry$$0000000D) refers to module3.o(.text.main) for main
    __rtentry2.o(.ARM.Collect$$rtentry$$0000000D) refers to exit.o(.text) for exit
    __rtentry2.o(.ARM.exidx) refers to __rtentry2.o(.ARM.Collect$$rtentry$$00000001) for .ARM.Collect$$rtentry$$00000001
    __rtentry2.o(.ARM.exidx) refers to __rtentry2.o(.ARM.Collect$$rtentry$$00000008) for .ARM.Collect$$rtentry$$00000008
    __rtentry2.o(.ARM.exidx) refers to __rtentry2.o(.ARM.Collect$$rtentry$$0000000A) for .ARM.Collect$$rtentry$$0000000A
    __rtentry2.o(.ARM.exidx) refers to __rtentry2.o(.ARM.Collect$$rtentry$$0000000B) for .ARM.Collect$$rtentry$$0000000B
    __rtentry2.o(.ARM.exidx) refers to __rtentry2.o(.ARM.Collect$$rtentry$$0000000D) for .ARM.Collect$$rtentry$$0000000D
    __rtentry4.o(.ARM.Collect$$rtentry$$00000004) refers to sys_stackheap_outer.o(.text) for __user_setup_stackheap
    __rtentry4.o(.ARM.exidx) refers to __rtentry4.o(.ARM.Collect$$rtentry$$00000004) for .ARM.Collect$$rtentry$$00000004
    rt_div0.o(.text) refers to defsig_fpe_outer.o(.text) for __rt_SIGFPE
    rt_errno_addr.o(.text) refers to rt_errno_addr.o(.bss) for __aeabi_errno_addr_data
    rt_errno_addr_intlibspace.o(.text) refers to libspace.o(.bss) for __libspace_start
    fdiv.o(.text) refers (Special) to usenofp.o(x$fpl$usenofp) for __I$use$fp
    fdiv.o(.text) refers to fdiv.o(.constdata) for .constdata
    fdiv.o(.constdata) refers (Special) to usenofp.o(x$fpl$usenofp) for __I$use$fp
    fscalbn.o(.text) refers (Special) to usenofp.o(x$fpl$usenofp) for __I$use$fp
    libspace.o(.text) refers to libspace.o(.bss) for __libspace_start
    sys_stackheap_outer.o(.text) refers to libspace.o(.text) for __user_perproc_libspace
    sys_stackheap_outer.o(.text) refers to startup_mkl25z4.o(.text) for __user_initial_stackheap
    sys_stackheap_outer.o(__vectab_stack_and_reset_area) refers to tempstk.o(.text) for __temporary_stack_top
    sys_stackheap_outer.o(__vectab_stack_and_reset_area) refers to __main.o(!!!main) for __main
    exit.o(.text) refers to rtexit.o(.ARM.Collect$$rtexit$$00000000) for __rt_exit
    defsig_fpe_outer.o(.text) refers to defsig_fpe_inner.o(.text) for __rt_SIGFPE_inner
    defsig_fpe_outer.o(.text) refers to defsig_exit.o(.text) for __sig_exit
    defsig_fpe_formal.o(.text) refers to rt_raise.o(.text) for __rt_raise
    libinit.o(.ARM.Collect$$libinit$$00000000) refers (Special) to libinit2.o(.ARM.Collect$$libinit$$0000002E) for __rt_lib_init_alloca_1
    libinit.o(.ARM.Collect$$libinit$$00000000) refers (Special) to libinit2.o(.ARM.Collect$$libinit$$0000002C) for __rt_lib_init_argv_1
    libinit.o(.ARM.Collect$$libinit$$00000000) refers (Special) to libinit2.o(.ARM.Collect$$libinit$$0000001B) for __rt_lib_init_atexit_1
    libinit.o(.ARM.Collect$$libinit$$00000000) refers (Special) to libinit2.o(.ARM.Collect$$libinit$$00000021) for __rt_lib_init_clock_1
    libinit.o(.ARM.Collect$$libinit$$00000000) refers (Special) to libinit2.o(.ARM.Collect$$libinit$$00000032) for __rt_lib_init_cpp_1
    libinit.o(.ARM.Collect$$libinit$$00000000) refers (Special) to libinit2.o(.ARM.Collect$$libinit$$00000030) for __rt_lib_init_exceptions_1
    libinit.o(.ARM.Collect$$libinit$$00000000) refers (Special) to libinit2.o(.ARM.Collect$$libinit$$00000002) for __rt_lib_init_fp_1
    libinit.o(.ARM.Collect$$libinit$$00000000) refers (Special) to libinit2.o(.ARM.Collect$$libinit$$0000001F) for __rt_lib_init_fp_trap_1
    libinit.o(.ARM.Collect$$libinit$$00000000) refers (Special) to libinit2.o(.ARM.Collect$$libinit$$00000023) for __rt_lib_init_getenv_1
    libinit.o(.ARM.Collect$$libinit$$00000000) refers (Special) to libinit2.o(.ARM.Collect$$libinit$$0000000A) for __rt_lib_init_heap_1
    libinit.o(.ARM.Collect$$libinit$$00000000) refers (Special) to libinit2.o(.ARM.Collect$$libinit$$00000011) for __rt_lib_init_lc_collate_1
    libinit.o(.ARM.Collect$$libinit$$00000000) refers (Special) to libinit2.o(.ARM.Collect$$libinit$$00000013) for __rt_lib_init_lc_ctype_1
    libinit.o(.ARM.Collect$$libinit$$00000000) refers (Special) to libinit2.o(.ARM.Collect$$libinit$$00000015) for __rt_lib_init_lc_monetary_1
    libinit.o(.ARM.Collect$$libinit$$00000000) refers (Special) to libinit2.o(.ARM.Collect$$libinit$$00000017) for __rt_lib_init_lc_numeric_1
    libinit.o(.ARM.Collect$$libinit$$00000000) refers (Special) to libinit2.o(.ARM.Collect$$libinit$$00000019) for __rt_lib_init_lc_time_1
    libinit.o(.ARM.Collect$$libinit$$00000000) refers (Special) to libinit2.o(.ARM.Collect$$libinit$$00000004) for __rt_lib_init_preinit_1
    libinit.o(.ARM.Collect$$libinit$$00000000) refers (Special) to libinit2.o(.ARM.Collect$$libinit$$0000000E) for __rt_lib_init_rand_1
    libinit.o(.ARM.Collect$$libinit$$00000000) refers (Special) to libinit2.o(.ARM.Collect$$libinit$$00000033) for __rt_lib_init_return
    libinit.o(.ARM.Collect$$libinit$$00000000) refers (Special) to libinit2.o(.ARM.Collect$$libinit$$0000001D) for __rt_lib_init_signal_1
    libinit.o(.ARM.Collect$$libinit$$00000000) refers (Special) to libinit2.o(.ARM.Collect$$libinit$$00000025) for __rt_lib_init_stdio_1
    libinit.o(.ARM.Collect$$libinit$$00000000) refers (Special) to libinit2.o(.ARM.Collect$$libinit$$0000000C) for __rt_lib_init_user_alloc_1
    rtexit.o(.ARM.Collect$$rtexit$$00000000) refers (Special) to rtexit2.o(.ARM.Collect$$rtexit$$00000004) for __rt_exit_exit
    rtexit.o(.ARM.Collect$$rtexit$$00000000) refers (Special) to rtexit2.o(.ARM.Collect$$rtexit$$00000003) for __rt_exit_ls
    rtexit.o(.ARM.Collect$$rtexit$$00000000) refers (Special) to rtexit2.o(.ARM.Collect$$rtexit$$00000002) for __rt_exit_prels_1
    rtexit.o(.ARM.exidx) refers (Special) to rtexit2.o(.ARM.Collect$$rtexit$$00000004) for __rt_exit_exit
    rtexit.o(.ARM.exidx) refers (Special) to rtexit2.o(.ARM.Collect$$rtexit$$00000003) for __rt_exit_ls
    rtexit.o(.ARM.exidx) refers (Special) to rtexit2.o(.ARM.Collect$$rtexit$$00000002) for __rt_exit_prels_1
    rtexit.o(.ARM.exidx) refers to rtexit.o(.ARM.Collect$$rtexit$$00000000) for .ARM.Collect$$rtexit$$00000000
    rt_raise.o(.text) refers to __raise.o(.text) for __raise
    rt_raise.o(.text) refers to sys_exit.o(.text) for _sys_exit
    defsig_exit.o(.text) refers to sys_exit.o(.text) for _sys_exit
    defsig_fpe_inner.o(.text) refers to defsig_general.o(.text) for __default_signal_display
    libinit2.o(.ARM.Collect$$libinit$$00000010) refers to libinit2.o(.ARM.Collect$$libinit$$0000000F) for .ARM.Collect$$libinit$$0000000F
    libinit2.o(.ARM.Collect$$libinit$$00000012) refers to libinit2.o(.ARM.Collect$$libinit$$0000000F) for .ARM.Collect$$libinit$$0000000F
    libinit2.o(.ARM.Collect$$libinit$$00000014) refers to libinit2.o(.ARM.Collect$$libinit$$0000000F) for .ARM.Collect$$libinit$$0000000F
    libinit2.o(.ARM.Collect$$libinit$$00000016) refers to libinit2.o(.ARM.Collect$$libinit$$0000000F) for .ARM.Collect$$libinit$$0000000F
    libinit2.o(.ARM.Collect$$libinit$$00000018) refers to libinit2.o(.ARM.Collect$$libinit$$0000000F) for .ARM.Collect$$libinit$$0000000F
    libinit2.o(.ARM.Collect$$libinit$$00000026) refers to argv_veneer.o(.text) for __ARM_argv_veneer
    libinit2.o(.ARM.Collect$$libinit$$00000027) refers to argv_veneer.o(.text) for __ARM_argv_veneer
    sys_exit.o(.text) refers (Special) to use_no_semi.o(.text) for __I$use$semihosting
    sys_exit.o(.text) refers (Special) to indicate_semi.o(.text) for __semihosting_library_function
    sys_exit_hlt.o(.text) refers (Special) to use_no_semi.o(.text) for __I$use$semihosting
    sys_exit_hlt.o(.text) refers (Special) to indicate_semi.o(.text) for __semihosting_library_function
    rtexit2.o(.ARM.Collect$$rtexit$$00000003) refers to libshutdown.o(.ARM.Collect$$libshutdown$$00000000) for __rt_lib_shutdown
    rtexit2.o(.ARM.Collect$$rtexit$$00000004) refers to sys_exit.o(.text) for _sys_exit
    rtexit2.o(.ARM.exidx) refers to rtexit2.o(.ARM.Collect$$rtexit$$00000001) for .ARM.Collect$$rtexit$$00000001
    rtexit2.o(.ARM.exidx) refers to rtexit2.o(.ARM.Collect$$rtexit$$00000003) for .ARM.Collect$$rtexit$$00000003
    rtexit2.o(.ARM.exidx) refers to rtexit2.o(.ARM.Collect$$rtexit$$00000004) for .ARM.Collect$$rtexit$$00000004
    __raise.o(.text) refers to defsig.o(CL$$defsig) for __default_signal_handler
    defsig_general.o(.text) refers to sys_wrch.o(.text) for _ttywrch
    sys_wrch.o(.text) refers (Special) to use_no_semi.o(.text) for __I$use$semihosting
    sys_wrch.o(.text) refers (Special) to indicate_semi.o(.text) for __semihosting_library_function
    sys_wrch_hlt.o(.text) refers (Special) to use_no_semi.o(.text) for __I$use$semihosting
    sys_wrch_hlt.o(.text) refers (Special) to indicate_semi.o(.text) for __semihosting_library_function
    defsig.o(CL$$defsig) refers to defsig_fpe_inner.o(.text) for __rt_SIGFPE_inner
    defsig.o(CL$$defsig) refers to defsig_rtmem_inner.o(.text) for __rt_SIGRTMEM_inner
    _get_argv_nomalloc.o(.text) refers (Special) to hrguard.o(.text) for __heap_region$guard
    _get_argv_nomalloc.o(.text) refers to defsig_rtmem_outer.o(.text) for __rt_SIGRTMEM
    _get_argv_nomalloc.o(.text) refers to sys_command.o(.text) for _sys_command_string
    libshutdown.o(.ARM.Collect$$libshutdown$$00000000) refers (Special) to libshutdown2.o(.ARM.Collect$$libshutdown$$00000002) for __rt_lib_shutdown_cpp_1
    libshutdown.o(.ARM.Collect$$libshutdown$$00000000) refers (Special) to libshutdown2.o(.ARM.Collect$$libshutdown$$00000007) for __rt_lib_shutdown_fp_trap_1
    libshutdown.o(.ARM.Collect$$libshutdown$$00000000) refers (Special) to libshutdown2.o(.ARM.Collect$$libshutdown$$0000000F) for __rt_lib_shutdown_heap_1
    libshutdown.o(.ARM.Collect$$libshutdown$$00000000) refers (Special) to libshutdown2.o(.ARM.Collect$$libshutdown$$00000010) for __rt_lib_shutdown_return
    libshutdown.o(.ARM.Collect$$libshutdown$$00000000) refers (Special) to libshutdown2.o(.ARM.Collect$$libshutdown$$0000000A) for __rt_lib_shutdown_signal_1
    libshutdown.o(.ARM.Collect$$libshutdown$$00000000) refers (Special) to libshutdown2.o(.ARM.Collect$$libshutdown$$00000004) for __rt_lib_shutdown_stdio_1
    libshutdown.o(.ARM.Collect$$libshutdown$$00000000) refers (Special) to libshutdown2.o(.ARM.Collect$$libshutdown$$0000000C) for __rt_lib_shutdown_user_alloc_1
    sys_command.o(.text) refers (Special) to use_no_semi.o(.text) for __I$use$semihosting
    sys_command.o(.text) refers (Special) to indicate_semi.o(.text) for __semihosting_library_function
    sys_command_hlt.o(.text) refers (Special) to use_no_semi.o(.text) for __I$use$semihosting
    sys_command_hlt.o(.text) refers (Special) to indicate_semi.o(.text) for __semihosting_library_function
    defsig_abrt_inner.o(.text) refers to defsig_general.o(.text) for __default_signal_display
    defsig_rtred_inner.o(.text) refers to defsig_general.o(.text) for __default_signal_display
    defsig_rtmem_inner.o(.text) refers to defsig_general.o(.text) for __default_signal_display
    defsig_rtmem_outer.o(.text) refers to defsig_rtmem_inner.o(.text) for __rt_SIGRTMEM_inner
    defsig_rtmem_outer.o(.text) refers to defsig_exit.o(.text) for __sig_exit
    defsig_rtmem_formal.o(.text) refers to rt_raise.o(.text) for __rt_raise
    defsig_stak_inner.o(.text) refers to defsig_general.o(.text) for __default_signal_display
    defsig_pvfn_inner.o(.text) refers to defsig_general.o(.text) for __default_signal_display
    defsig_cppl_inner.o(.text) refers to defsig_general.o(.text) for __default_signal_display
    defsig_segv_inner.o(.text) refers to defsig_general.o(.text) for __default_signal_display
    defsig_other.o(.text) refers to defsig_general.o(.text) for __default_signal_display
    rredf.o(i.__ARM_common_ll_muluu) refers (Special) to usenofp.o(x$fpl$usenofp) for __I$use$fp


==============================================================================

Removing Unused input sections from the image.

    Removing module3.o(.text), (0 bytes).
    Removing module3.o(.ARM.exidx.text.main), (8 bytes).
    Removing module3.o(.ARM.exidx.text.init_switch), (8 bytes).
    Removing module3.o(.ARM.exidx.text.PORTD_IRQHandler), (8 bytes).
    Removing module3.o(.ARM.exidx.text.ADC0_init), (8 bytes).
    Removing module3.o(.ARM.exidx.text.DAC0_init), (8 bytes).
    Removing module3.o(.ARM.exidx.text.Delay), (8 bytes).
    Removing module3.o(.ARM.exidx.text.__NVIC_SetPriority), (8 bytes).
    Removing module3.o(.ARM.exidx.text.__NVIC_ClearPendingIRQ), (8 bytes).
    Removing module3.o(.ARM.exidx.text.__NVIC_EnableIRQ), (8 bytes).
    Removing module3.o(.rodata.pi), (4 bytes).
    Removing module3.o(.ARM.use_no_argv), (4 bytes).
    Removing system_mkl25z4.o(.text), (0 bytes).
    Removing system_mkl25z4.o(.ARM.exidx.text.SystemInit), (8 bytes).
    Removing system_mkl25z4.o(.text.SystemCoreClockUpdate), (272 bytes).
    Removing system_mkl25z4.o(.ARM.exidx.text.SystemCoreClockUpdate), (8 bytes).
    Removing system_mkl25z4.o(.data.SystemCoreClock), (4 bytes).

17 unused section(s) (total 372 bytes) removed from the image.

==============================================================================

Image Symbol Table

    Local Symbols

    Symbol Name                              Value     Ov Type        Size  Object(Section)

    ../clib/angel/boardlib.s                 0x00000000   Number         0  boardinit1.o ABSOLUTE
    ../clib/angel/boardlib.s                 0x00000000   Number         0  boardinit2.o ABSOLUTE
    ../clib/angel/boardlib.s                 0x00000000   Number         0  boardinit3.o ABSOLUTE
    ../clib/angel/boardlib.s                 0x00000000   Number         0  boardshut.o ABSOLUTE
    ../clib/angel/handlers.s                 0x00000000   Number         0  __scatter_zi.o ABSOLUTE
    ../clib/angel/kernel.s                   0x00000000   Number         0  __rtentry.o ABSOLUTE
    ../clib/angel/kernel.s                   0x00000000   Number         0  __rtentry2.o ABSOLUTE
    ../clib/angel/kernel.s                   0x00000000   Number         0  __rtentry4.o ABSOLUTE
    ../clib/angel/kernel.s                   0x00000000   Number         0  rtexit.o ABSOLUTE
    ../clib/angel/kernel.s                   0x00000000   Number         0  rtexit2.o ABSOLUTE
    ../clib/angel/rt.s                       0x00000000   Number         0  aeabi_idiv0.o ABSOLUTE
    ../clib/angel/rt.s                       0x00000000   Number         0  aeabi_idiv0_sigfpe.o ABSOLUTE
    ../clib/angel/rt.s                       0x00000000   Number         0  rt_div0.o ABSOLUTE
    ../clib/angel/rt.s                       0x00000000   Number         0  rt_errno_addr.o ABSOLUTE
    ../clib/angel/rt.s                       0x00000000   Number         0  rt_errno_addr_intlibspace.o ABSOLUTE
    ../clib/angel/rt.s                       0x00000000   Number         0  rt_raise.o ABSOLUTE
    ../clib/angel/scatterp.s                 0x00000000   Number         0  __scatter.o ABSOLUTE
    ../clib/angel/startup.s                  0x00000000   Number         0  __main.o ABSOLUTE
    ../clib/angel/sys.s                      0x00000000   Number         0  libspace.o ABSOLUTE
    ../clib/angel/sys.s                      0x00000000   Number         0  sys_stackheap_outer.o ABSOLUTE
    ../clib/angel/sys.s                      0x00000000   Number         0  tempstk.o ABSOLUTE
    ../clib/angel/sys.s                      0x00000000   Number         0  use_no_semi.o ABSOLUTE
    ../clib/angel/sys.s                      0x00000000   Number         0  indicate_semi.o ABSOLUTE
    ../clib/angel/sysapp.c                   0x00000000   Number         0  sys_exit.o ABSOLUTE
    ../clib/angel/sysapp.c                   0x00000000   Number         0  sys_exit_hlt.o ABSOLUTE
    ../clib/angel/sysapp.c                   0x00000000   Number         0  sys_wrch.o ABSOLUTE
    ../clib/angel/sysapp.c                   0x00000000   Number         0  sys_wrch_hlt.o ABSOLUTE
    ../clib/angel/sysapp.c                   0x00000000   Number         0  sys_command.o ABSOLUTE
    ../clib/angel/sysapp.c                   0x00000000   Number         0  sys_command_hlt.o ABSOLUTE
    ../clib/armsys.c                         0x00000000   Number         0  argv_veneer.o ABSOLUTE
    ../clib/armsys.c                         0x00000000   Number         0  _get_argv_nomalloc.o ABSOLUTE
    ../clib/armsys.c                         0x00000000   Number         0  no_argv.o ABSOLUTE
    ../clib/division.s                       0x00000000   Number         0  aeabi_sdivfast.o ABSOLUTE
    ../clib/division.s                       0x00000000   Number         0  aeabi_sdivfast_div0.o ABSOLUTE
    ../clib/fenv.c                           0x00000000   Number         0  _rserrno.o ABSOLUTE
    ../clib/heapalloc.c                      0x00000000   Number         0  hrguard.o ABSOLUTE
    ../clib/heapaux.c                        0x00000000   Number         0  heapauxi.o ABSOLUTE
    ../clib/libinit.s                        0x00000000   Number         0  libinit.o ABSOLUTE
    ../clib/libinit.s                        0x00000000   Number         0  libinit2.o ABSOLUTE
    ../clib/libinit.s                        0x00000000   Number         0  libshutdown.o ABSOLUTE
    ../clib/libinit.s                        0x00000000   Number         0  libshutdown2.o ABSOLUTE
    ../clib/signal.c                         0x00000000   Number         0  defsig_fpe_outer.o ABSOLUTE
    ../clib/signal.c                         0x00000000   Number         0  defsig_fpe_formal.o ABSOLUTE
    ../clib/signal.c                         0x00000000   Number         0  defsig_exit.o ABSOLUTE
    ../clib/signal.c                         0x00000000   Number         0  defsig_fpe_inner.o ABSOLUTE
    ../clib/signal.c                         0x00000000   Number         0  __raise.o ABSOLUTE
    ../clib/signal.c                         0x00000000   Number         0  defsig_general.o ABSOLUTE
    ../clib/signal.c                         0x00000000   Number         0  defsig_abrt_inner.o ABSOLUTE
    ../clib/signal.c                         0x00000000   Number         0  defsig_rtred_inner.o ABSOLUTE
    ../clib/signal.c                         0x00000000   Number         0  defsig_rtmem_inner.o ABSOLUTE
    ../clib/signal.c                         0x00000000   Number         0  defsig_rtmem_outer.o ABSOLUTE
    ../clib/signal.c                         0x00000000   Number         0  defsig_rtmem_formal.o ABSOLUTE
    ../clib/signal.c                         0x00000000   Number         0  defsig_stak_inner.o ABSOLUTE
    ../clib/signal.c                         0x00000000   Number         0  defsig_pvfn_inner.o ABSOLUTE
    ../clib/signal.c                         0x00000000   Number         0  defsig_cppl_inner.o ABSOLUTE
    ../clib/signal.c                         0x00000000   Number         0  defsig_segv_inner.o ABSOLUTE
    ../clib/signal.c                         0x00000000   Number         0  defsig_other.o ABSOLUTE
    ../clib/signal.s                         0x00000000   Number         0  defsig.o ABSOLUTE
    ../clib/stdlib.c                         0x00000000   Number         0  exit.o ABSOLUTE
    ../fplib/cfplib/fdiv.c                   0x00000000   Number         0  fdiv.o ABSOLUTE
    ../fplib/cfplib/ffix.c                   0x00000000   Number         0  ffixi.o ABSOLUTE
    ../fplib/cfplib/fflt.c                   0x00000000   Number         0  fflti.o ABSOLUTE
    ../fplib/cfplib/fpinit.c                 0x00000000   Number         0  fpinit.o ABSOLUTE
    ../fplib/cfplib/frnd.c                   0x00000000   Number         0  frnd.o ABSOLUTE
    ../fplib/cfplib/scalbn.c                 0x00000000   Number         0  fscalbn.o ABSOLUTE
    ../fplib/faddsub6m.s                     0x00000000   Number         0  faddsub.o ABSOLUTE
    ../fplib/fmul6m.s                        0x00000000   Number         0  fmul.o ABSOLUTE
    ../fplib/usenofp.s                       0x00000000   Number         0  usenofp.o ABSOLUTE
    ../mathlib/fpclassifyf.c                 0x00000000   Number         0  fpclassifyf.o ABSOLUTE
    ../mathlib/funder.c                      0x00000000   Number         0  funder.o ABSOLUTE
    ../mathlib/rredf.c                       0x00000000   Number         0  rredf.o ABSOLUTE
    ../mathlib/sinf.c                        0x00000000   Number         0  sinf.o ABSOLUTE
    RTE/Device/MKL25Z128xxx4/startup_MKL25Z4.s 0x00000000   Number         0  startup_mkl25z4.o ABSOLUTE
    dc.s                                     0x00000000   Number         0  dc.o ABSOLUTE
    module3.c                                0x00000000   Number         0  module3.o ABSOLUTE
    system_MKL25Z4.c                         0x00000000   Number         0  system_mkl25z4.o ABSOLUTE
    RESET                                    0x00000000   Section      192  startup_mkl25z4.o(RESET)
    !!!main                                  0x000000c0   Section        8  __main.o(!!!main)
    !!!scatter                               0x000000c8   Section       60  __scatter.o(!!!scatter)
    !!handler_zi                             0x00000104   Section       28  __scatter_zi.o(!!handler_zi)
    .ARM.Collect$$libinit$$00000000          0x00000120   Section        2  libinit.o(.ARM.Collect$$libinit$$00000000)
    .ARM.Collect$$libinit$$00000002          0x00000122   Section        0  libinit2.o(.ARM.Collect$$libinit$$00000002)
    .ARM.Collect$$libinit$$00000004          0x00000122   Section        0  libinit2.o(.ARM.Collect$$libinit$$00000004)
    .ARM.Collect$$libinit$$0000000A          0x00000122   Section        0  libinit2.o(.ARM.Collect$$libinit$$0000000A)
    .ARM.Collect$$libinit$$0000000C          0x00000122   Section        0  libinit2.o(.ARM.Collect$$libinit$$0000000C)
    .ARM.Collect$$libinit$$0000000E          0x00000122   Section        0  libinit2.o(.ARM.Collect$$libinit$$0000000E)
    .ARM.Collect$$libinit$$00000011          0x00000122   Section        0  libinit2.o(.ARM.Collect$$libinit$$00000011)
    .ARM.Collect$$libinit$$00000013          0x00000122   Section        0  libinit2.o(.ARM.Collect$$libinit$$00000013)
    .ARM.Collect$$libinit$$00000015          0x00000122   Section        0  libinit2.o(.ARM.Collect$$libinit$$00000015)
    .ARM.Collect$$libinit$$00000017          0x00000122   Section        0  libinit2.o(.ARM.Collect$$libinit$$00000017)
    .ARM.Collect$$libinit$$00000019          0x00000122   Section        0  libinit2.o(.ARM.Collect$$libinit$$00000019)
    .ARM.Collect$$libinit$$0000001B          0x00000122   Section        0  libinit2.o(.ARM.Collect$$libinit$$0000001B)
    .ARM.Collect$$libinit$$0000001D          0x00000122   Section        0  libinit2.o(.ARM.Collect$$libinit$$0000001D)
    .ARM.Collect$$libinit$$0000001F          0x00000122   Section        0  libinit2.o(.ARM.Collect$$libinit$$0000001F)
    .ARM.Collect$$libinit$$00000021          0x00000122   Section        0  libinit2.o(.ARM.Collect$$libinit$$00000021)
    .ARM.Collect$$libinit$$00000023          0x00000122   Section        0  libinit2.o(.ARM.Collect$$libinit$$00000023)
    .ARM.Collect$$libinit$$00000025          0x00000122   Section        0  libinit2.o(.ARM.Collect$$libinit$$00000025)
    .ARM.Collect$$libinit$$0000002C          0x00000122   Section        0  libinit2.o(.ARM.Collect$$libinit$$0000002C)
    .ARM.Collect$$libinit$$0000002E          0x00000122   Section        0  libinit2.o(.ARM.Collect$$libinit$$0000002E)
    .ARM.Collect$$libinit$$00000030          0x00000122   Section        0  libinit2.o(.ARM.Collect$$libinit$$00000030)
    .ARM.Collect$$libinit$$00000032          0x00000122   Section        0  libinit2.o(.ARM.Collect$$libinit$$00000032)
    .ARM.Collect$$libinit$$00000033          0x00000122   Section        2  libinit2.o(.ARM.Collect$$libinit$$00000033)
    .ARM.Collect$$libshutdown$$00000000      0x00000124   Section        2  libshutdown.o(.ARM.Collect$$libshutdown$$00000000)
    .ARM.Collect$$libshutdown$$00000002      0x00000126   Section        0  libshutdown2.o(.ARM.Collect$$libshutdown$$00000002)
    .ARM.Collect$$libshutdown$$00000004      0x00000126   Section        0  libshutdown2.o(.ARM.Collect$$libshutdown$$00000004)
    .ARM.Collect$$libshutdown$$00000007      0x00000126   Section        0  libshutdown2.o(.ARM.Collect$$libshutdown$$00000007)
    .ARM.Collect$$libshutdown$$0000000A      0x00000126   Section        0  libshutdown2.o(.ARM.Collect$$libshutdown$$0000000A)
    .ARM.Collect$$libshutdown$$0000000C      0x00000126   Section        0  libshutdown2.o(.ARM.Collect$$libshutdown$$0000000C)
    .ARM.Collect$$libshutdown$$0000000F      0x00000126   Section        0  libshutdown2.o(.ARM.Collect$$libshutdown$$0000000F)
    .ARM.Collect$$libshutdown$$00000010      0x00000126   Section        2  libshutdown2.o(.ARM.Collect$$libshutdown$$00000010)
    .ARM.Collect$$rtentry$$00000000          0x00000128   Section        0  __rtentry.o(.ARM.Collect$$rtentry$$00000000)
    .ARM.Collect$$rtentry$$00000002          0x00000128   Section        0  __rtentry2.o(.ARM.Collect$$rtentry$$00000002)
    .ARM.Collect$$rtentry$$00000004          0x00000128   Section        6  __rtentry4.o(.ARM.Collect$$rtentry$$00000004)
    .ARM.Collect$$rtentry$$00000009          0x0000012e   Section        0  __rtentry2.o(.ARM.Collect$$rtentry$$00000009)
    .ARM.Collect$$rtentry$$0000000A          0x0000012e   Section        4  __rtentry2.o(.ARM.Collect$$rtentry$$0000000A)
    .ARM.Collect$$rtentry$$0000000C          0x00000132   Section        0  __rtentry2.o(.ARM.Collect$$rtentry$$0000000C)
    .ARM.Collect$$rtentry$$0000000D          0x00000132   Section        8  __rtentry2.o(.ARM.Collect$$rtentry$$0000000D)
    .ARM.Collect$$rtexit$$00000000           0x0000013a   Section        2  rtexit.o(.ARM.Collect$$rtexit$$00000000)
    .ARM.Collect$$rtexit$$00000002           0x0000013c   Section        0  rtexit2.o(.ARM.Collect$$rtexit$$00000002)
    .ARM.Collect$$rtexit$$00000003           0x0000013c   Section        4  rtexit2.o(.ARM.Collect$$rtexit$$00000003)
    .ARM.Collect$$rtexit$$00000004           0x00000140   Section        6  rtexit2.o(.ARM.Collect$$rtexit$$00000004)
    .text                                    0x00000148   Section       64  startup_mkl25z4.o(.text)
    .text                                    0x00000188   Section        0  heapauxi.o(.text)
    .text                                    0x0000018e   Section        0  ffixi.o(.text)
    .text                                    0x000001da   Section        0  fflti.o(.text)
    .text                                    0x00000238   Section        0  _rserrno.o(.text)
    .text                                    0x00000250   Section        0  frnd.o(.text)
    .text                                    0x000002d0   Section        8  rt_errno_addr_intlibspace.o(.text)
    .text                                    0x000002d8   Section        0  fscalbn.o(.text)
    .text                                    0x0000031c   Section        8  libspace.o(.text)
    .text                                    0x00000324   Section       62  sys_stackheap_outer.o(.text)
    .text                                    0x00000362   Section        0  exit.o(.text)
    .text                                    0x00000374   Section        0  sys_exit.o(.text)
    .text                                    0x00000380   Section        2  use_no_semi.o(.text)
    .text                                    0x00000382   Section        0  indicate_semi.o(.text)
    [Anonymous Symbol]                       0x00000384   Section        0  module3.o(.text.ADC0_init)
    __arm_cp.3_1                             0x000003b0   Number         4  module3.o(.text.ADC0_init)
    __arm_cp.3_2                             0x000003b4   Number         4  module3.o(.text.ADC0_init)
    [Anonymous Symbol]                       0x000003b8   Section        0  module3.o(.text.DAC0_init)
    __arm_cp.4_0                             0x000003d0   Number         4  module3.o(.text.DAC0_init)
    __arm_cp.4_1                             0x000003d4   Number         4  module3.o(.text.DAC0_init)
    [Anonymous Symbol]                       0x000003d8   Section        0  module3.o(.text.Delay)
    [Anonymous Symbol]                       0x000003ec   Section        0  system_mkl25z4.o(.text.SystemInit)
    __arm_cp.0_0                             0x000003f4   Number         4  system_mkl25z4.o(.text.SystemInit)
    x$fpl$usenofp                            0x000003f8   Section        0  usenofp.o(x$fpl$usenofp)
    .ARM.__at_0x400                          0x00000400   Section       16  startup_mkl25z4.o(.ARM.__at_0x400)
    .text                                    0x00000410   Section        0  fdiv.o(.text)
    [Anonymous Symbol]                       0x00000570   Section        0  module3.o(.text.PORTD_IRQHandler)
    __arm_cp.2_1                             0x00000594   Number         4  module3.o(.text.PORTD_IRQHandler)
    __NVIC_ClearPendingIRQ                   0x00000599   Thumb Code    12  module3.o(.text.__NVIC_ClearPendingIRQ)
    [Anonymous Symbol]                       0x00000598   Section        0  module3.o(.text.__NVIC_ClearPendingIRQ)
    __arm_cp.7_0                             0x000005a4   Number         4  module3.o(.text.__NVIC_ClearPendingIRQ)
    __NVIC_EnableIRQ                         0x000005a9   Thumb Code    12  module3.o(.text.__NVIC_EnableIRQ)
    [Anonymous Symbol]                       0x000005a8   Section        0  module3.o(.text.__NVIC_EnableIRQ)
    __arm_cp.8_0                             0x000005b4   Number         4  module3.o(.text.__NVIC_EnableIRQ)
    __NVIC_SetPriority                       0x000005b9   Thumb Code    16  module3.o(.text.__NVIC_SetPriority)
    [Anonymous Symbol]                       0x000005b8   Section        0  module3.o(.text.__NVIC_SetPriority)
    __arm_cp.6_0                             0x000005c8   Number         4  module3.o(.text.__NVIC_SetPriority)
    [Anonymous Symbol]                       0x000005cc   Section        0  module3.o(.text.init_switch)
    __arm_cp.1_0                             0x000005fc   Number         4  module3.o(.text.init_switch)
    __arm_cp.1_1                             0x00000600   Number         4  module3.o(.text.init_switch)
    __arm_cp.1_2                             0x00000604   Number         4  module3.o(.text.init_switch)
    __arm_cp.1_3                             0x00000608   Number         4  module3.o(.text.init_switch)
    [Anonymous Symbol]                       0x0000060c   Section        0  module3.o(.text.main)
    __arm_cp.0_0                             0x000007e4   Number         4  module3.o(.text.main)
    __arm_cp.0_1                             0x000007e8   Number         4  module3.o(.text.main)
    __arm_cp.0_2                             0x000007ec   Number         4  module3.o(.text.main)
    __arm_cp.0_3                             0x000007f0   Number         4  module3.o(.text.main)
    __arm_cp.0_4                             0x000007f4   Number         4  module3.o(.text.main)
    __arm_cp.0_5                             0x000007f8   Number         4  module3.o(.text.main)
    __arm_cp.0_6                             0x000007fc   Number         4  module3.o(.text.main)
    __arm_cp.0_7                             0x00000800   Number         4  module3.o(.text.main)
    __arm_cp.0_8                             0x00000804   Number         4  module3.o(.text.main)
    __arm_cp.0_9                             0x00000808   Number         4  module3.o(.text.main)
    __arm_cp.0_10                            0x0000080c   Number         4  module3.o(.text.main)
    __arm_cp.0_11                            0x00000810   Number         4  module3.o(.text.main)
    __arm_cp.0_12                            0x00000814   Number         4  module3.o(.text.main)
    __arm_cp.0_13                            0x00000818   Number         4  module3.o(.text.main)
    __arm_cp.0_14                            0x0000081c   Number         4  module3.o(.text.main)
    __arm_cp.0_15                            0x00000820   Number         4  module3.o(.text.main)
    .text_divfast                            0x00000824   Section      502  aeabi_sdivfast.o(.text_divfast)
    i.__ARM_common_ll_muluu                  0x00000a1a   Section        0  rredf.o(i.__ARM_common_ll_muluu)
    i.__ARM_fpclassifyf                      0x00000a4c   Section        0  fpclassifyf.o(i.__ARM_fpclassifyf)
    i.__mathlib_flt_infnan                   0x00000a6e   Section        0  funder.o(i.__mathlib_flt_infnan)
    i.__mathlib_flt_invalid                  0x00000a78   Section        0  funder.o(i.__mathlib_flt_invalid)
    i.__mathlib_flt_underflow                0x00000a84   Section        0  funder.o(i.__mathlib_flt_underflow)
    i.__mathlib_rredf2                       0x00000a94   Section        0  rredf.o(i.__mathlib_rredf2)
    i.sinf                                   0x00000c14   Section        0  sinf.o(i.sinf)
    x$fpl$fadd                               0x00000d98   Section      140  faddsub.o(x$fpl$fadd)
    _fadd1                                   0x00000da5   Thumb Code     0  faddsub.o(x$fpl$fadd)
    x$fpl$fmul                               0x00000e24   Section      176  fmul.o(x$fpl$fmul)
    x$fpl$frsb                               0x00000ed4   Section       24  faddsub.o(x$fpl$frsb)
    x$fpl$fsub                               0x00000eec   Section      208  faddsub.o(x$fpl$fsub)
    _fsub1                                   0x00000ef9   Thumb Code     0  faddsub.o(x$fpl$fsub)
    twooverpi                                0x00000fbc   Data          32  rredf.o(.constdata)
    .constdata                               0x00000fbc   Section       32  rredf.o(.constdata)
    fdiv_tab                                 0x00000fdc   Data          64  fdiv.o(.constdata)
    .constdata                               0x00000fdc   Section       64  fdiv.o(.constdata)
    .bss                                     0x1ffff000   Section       96  libspace.o(.bss)
    Heap_Mem                                 0x1ffff7b0   Data           0  startup_mkl25z4.o(HEAP)
    Stack_Mem                                0x1ffff7b0   Data         256  startup_mkl25z4.o(STACK)
    HEAP                                     0x1ffff7b0   Section        0  startup_mkl25z4.o(HEAP)
    STACK                                    0x1ffff7b0   Section      256  startup_mkl25z4.o(STACK)
    __initial_sp                             0x1ffff8b0   Data           0  startup_mkl25z4.o(STACK)

    Global Symbols

    Symbol Name                              Value     Ov Type        Size  Object(Section)

    BuildAttributes$$THM_ISAv3M$S$PE$A:L22$X:L11$S22$IEEE1$IW$~IW$USESV6$~STKCKD$USESV7$~SHL$OTIME$ROPI$IEEEX$EBA8$UX$STANDARDLIB$REQ8$PRES8$EABIv2 0x00000000   Number         0  anon$$obj.o ABSOLUTE
    __Vectors                                0x00000000   Data           4  startup_mkl25z4.o(RESET)
    __ARM_exceptions_init                     - Undefined Weak Reference
    __alloca_initialize                       - Undefined Weak Reference
    __arm_preinit_                            - Undefined Weak Reference
    __cpp_initialize__aeabi_                  - Undefined Weak Reference
    __cxa_finalize                            - Undefined Weak Reference
    __rt_locale                               - Undefined Weak Reference
    __sigvec_lookup                           - Undefined Weak Reference
    _atexit_init                              - Undefined Weak Reference
    _call_atexit_fns                          - Undefined Weak Reference
    _clock_init                               - Undefined Weak Reference
    _fp_trap_init                             - Undefined Weak Reference
    _fp_trap_shutdown                         - Undefined Weak Reference
    _get_lc_collate                           - Undefined Weak Reference
    _get_lc_ctype                             - Undefined Weak Reference
    _get_lc_monetary                          - Undefined Weak Reference
    _get_lc_numeric                           - Undefined Weak Reference
    _get_lc_time                              - Undefined Weak Reference
    _getenv_init                              - Undefined Weak Reference
    _handle_redirection                       - Undefined Weak Reference
    _init_alloc                               - Undefined Weak Reference
    _init_user_alloc                          - Undefined Weak Reference
    _initio                                   - Undefined Weak Reference
    _rand_init                                - Undefined Weak Reference
    _signal_finish                            - Undefined Weak Reference
    _signal_init                              - Undefined Weak Reference
    _terminate_alloc                          - Undefined Weak Reference
    _terminate_user_alloc                     - Undefined Weak Reference
    _terminateio                              - Undefined Weak Reference
    __Vectors_End                            0x000000c0   Data           0  startup_mkl25z4.o(RESET)
    __Vectors_Size                           0x000000c0   Number         0  startup_mkl25z4.o ABSOLUTE
    __main                                   0x000000c1   Thumb Code     8  __main.o(!!!main)
    __scatterload                            0x000000c9   Thumb Code     0  __scatter.o(!!!scatter)
    __scatterload_rt2                        0x000000c9   Thumb Code    52  __scatter.o(!!!scatter)
    __scatterload_rt2_thumb_only             0x000000c9   Thumb Code     0  __scatter.o(!!!scatter)
    __scatterload_null                       0x000000d9   Thumb Code     0  __scatter.o(!!!scatter)
    __scatterload_zeroinit                   0x00000105   Thumb Code    28  __scatter_zi.o(!!handler_zi)
    __rt_lib_init                            0x00000121   Thumb Code     0  libinit.o(.ARM.Collect$$libinit$$00000000)
    __rt_lib_init_alloca_1                   0x00000123   Thumb Code     0  libinit2.o(.ARM.Collect$$libinit$$0000002E)
    __rt_lib_init_argv_1                     0x00000123   Thumb Code     0  libinit2.o(.ARM.Collect$$libinit$$0000002C)
    __rt_lib_init_atexit_1                   0x00000123   Thumb Code     0  libinit2.o(.ARM.Collect$$libinit$$0000001B)
    __rt_lib_init_clock_1                    0x00000123   Thumb Code     0  libinit2.o(.ARM.Collect$$libinit$$00000021)
    __rt_lib_init_cpp_1                      0x00000123   Thumb Code     0  libinit2.o(.ARM.Collect$$libinit$$00000032)
    __rt_lib_init_exceptions_1               0x00000123   Thumb Code     0  libinit2.o(.ARM.Collect$$libinit$$00000030)
    __rt_lib_init_fp_1                       0x00000123   Thumb Code     0  libinit2.o(.ARM.Collect$$libinit$$00000002)
    __rt_lib_init_fp_trap_1                  0x00000123   Thumb Code     0  libinit2.o(.ARM.Collect$$libinit$$0000001F)
    __rt_lib_init_getenv_1                   0x00000123   Thumb Code     0  libinit2.o(.ARM.Collect$$libinit$$00000023)
    __rt_lib_init_heap_1                     0x00000123   Thumb Code     0  libinit2.o(.ARM.Collect$$libinit$$0000000A)
    __rt_lib_init_lc_collate_1               0x00000123   Thumb Code     0  libinit2.o(.ARM.Collect$$libinit$$00000011)
    __rt_lib_init_lc_ctype_1                 0x00000123   Thumb Code     0  libinit2.o(.ARM.Collect$$libinit$$00000013)
    __rt_lib_init_lc_monetary_1              0x00000123   Thumb Code     0  libinit2.o(.ARM.Collect$$libinit$$00000015)
    __rt_lib_init_lc_numeric_1               0x00000123   Thumb Code     0  libinit2.o(.ARM.Collect$$libinit$$00000017)
    __rt_lib_init_lc_time_1                  0x00000123   Thumb Code     0  libinit2.o(.ARM.Collect$$libinit$$00000019)
    __rt_lib_init_preinit_1                  0x00000123   Thumb Code     0  libinit2.o(.ARM.Collect$$libinit$$00000004)
    __rt_lib_init_rand_1                     0x00000123   Thumb Code     0  libinit2.o(.ARM.Collect$$libinit$$0000000E)
    __rt_lib_init_return                     0x00000123   Thumb Code     0  libinit2.o(.ARM.Collect$$libinit$$00000033)
    __rt_lib_init_signal_1                   0x00000123   Thumb Code     0  libinit2.o(.ARM.Collect$$libinit$$0000001D)
    __rt_lib_init_stdio_1                    0x00000123   Thumb Code     0  libinit2.o(.ARM.Collect$$libinit$$00000025)
    __rt_lib_init_user_alloc_1               0x00000123   Thumb Code     0  libinit2.o(.ARM.Collect$$libinit$$0000000C)
    __rt_lib_shutdown                        0x00000125   Thumb Code     0  libshutdown.o(.ARM.Collect$$libshutdown$$00000000)
    __rt_lib_shutdown_cpp_1                  0x00000127   Thumb Code     0  libshutdown2.o(.ARM.Collect$$libshutdown$$00000002)
    __rt_lib_shutdown_fp_trap_1              0x00000127   Thumb Code     0  libshutdown2.o(.ARM.Collect$$libshutdown$$00000007)
    __rt_lib_shutdown_heap_1                 0x00000127   Thumb Code     0  libshutdown2.o(.ARM.Collect$$libshutdown$$0000000F)
    __rt_lib_shutdown_return                 0x00000127   Thumb Code     0  libshutdown2.o(.ARM.Collect$$libshutdown$$00000010)
    __rt_lib_shutdown_signal_1               0x00000127   Thumb Code     0  libshutdown2.o(.ARM.Collect$$libshutdown$$0000000A)
    __rt_lib_shutdown_stdio_1                0x00000127   Thumb Code     0  libshutdown2.o(.ARM.Collect$$libshutdown$$00000004)
    __rt_lib_shutdown_user_alloc_1           0x00000127   Thumb Code     0  libshutdown2.o(.ARM.Collect$$libshutdown$$0000000C)
    __rt_entry                               0x00000129   Thumb Code     0  __rtentry.o(.ARM.Collect$$rtentry$$00000000)
    __rt_entry_presh_1                       0x00000129   Thumb Code     0  __rtentry2.o(.ARM.Collect$$rtentry$$00000002)
    __rt_entry_sh                            0x00000129   Thumb Code     0  __rtentry4.o(.ARM.Collect$$rtentry$$00000004)
    __rt_entry_li                            0x0000012f   Thumb Code     0  __rtentry2.o(.ARM.Collect$$rtentry$$0000000A)
    __rt_entry_postsh_1                      0x0000012f   Thumb Code     0  __rtentry2.o(.ARM.Collect$$rtentry$$00000009)
    __rt_entry_main                          0x00000133   Thumb Code     0  __rtentry2.o(.ARM.Collect$$rtentry$$0000000D)
    __rt_entry_postli_1                      0x00000133   Thumb Code     0  __rtentry2.o(.ARM.Collect$$rtentry$$0000000C)
    __rt_exit                                0x0000013b   Thumb Code     0  rtexit.o(.ARM.Collect$$rtexit$$00000000)
    __rt_exit_ls                             0x0000013d   Thumb Code     0  rtexit2.o(.ARM.Collect$$rtexit$$00000003)
    __rt_exit_prels_1                        0x0000013d   Thumb Code     0  rtexit2.o(.ARM.Collect$$rtexit$$00000002)
    __rt_exit_exit                           0x00000141   Thumb Code     0  rtexit2.o(.ARM.Collect$$rtexit$$00000004)
    Reset_Handler                            0x00000149   Thumb Code    12  startup_mkl25z4.o(.text)
    NMI_Handler                              0x00000155   Thumb Code     2  startup_mkl25z4.o(.text)
    HardFault_Handler                        0x00000157   Thumb Code     2  startup_mkl25z4.o(.text)
    SVC_Handler                              0x00000159   Thumb Code     2  startup_mkl25z4.o(.text)
    PendSV_Handler                           0x0000015b   Thumb Code     2  startup_mkl25z4.o(.text)
    SysTick_Handler                          0x0000015d   Thumb Code     2  startup_mkl25z4.o(.text)
    ADC0_IRQHandler                          0x0000015f   Thumb Code     0  startup_mkl25z4.o(.text)
    CMP0_IRQHandler                          0x0000015f   Thumb Code     0  startup_mkl25z4.o(.text)
    DAC0_IRQHandler                          0x0000015f   Thumb Code     0  startup_mkl25z4.o(.text)
    DMA0_IRQHandler                          0x0000015f   Thumb Code     0  startup_mkl25z4.o(.text)
    DMA1_IRQHandler                          0x0000015f   Thumb Code     0  startup_mkl25z4.o(.text)
    DMA2_IRQHandler                          0x0000015f   Thumb Code     0  startup_mkl25z4.o(.text)
    DMA3_IRQHandler                          0x0000015f   Thumb Code     0  startup_mkl25z4.o(.text)
    DefaultISR                               0x0000015f   Thumb Code     0  startup_mkl25z4.o(.text)
    FTFA_IRQHandler                          0x0000015f   Thumb Code     0  startup_mkl25z4.o(.text)
    I2C0_IRQHandler                          0x0000015f   Thumb Code     0  startup_mkl25z4.o(.text)
    I2C1_IRQHandler                          0x0000015f   Thumb Code     0  startup_mkl25z4.o(.text)
    LLWU_IRQHandler                          0x0000015f   Thumb Code     0  startup_mkl25z4.o(.text)
    LPTMR0_IRQHandler                        0x0000015f   Thumb Code     0  startup_mkl25z4.o(.text)
    LVD_LVW_IRQHandler                       0x0000015f   Thumb Code     0  startup_mkl25z4.o(.text)
    MCG_IRQHandler                           0x0000015f   Thumb Code     0  startup_mkl25z4.o(.text)
    PIT_IRQHandler                           0x0000015f   Thumb Code     0  startup_mkl25z4.o(.text)
    PORTA_IRQHandler                         0x0000015f   Thumb Code     0  startup_mkl25z4.o(.text)
    RTC_IRQHandler                           0x0000015f   Thumb Code     0  startup_mkl25z4.o(.text)
    RTC_Seconds_IRQHandler                   0x0000015f   Thumb Code     0  startup_mkl25z4.o(.text)
    Reserved20_IRQHandler                    0x0000015f   Thumb Code     0  startup_mkl25z4.o(.text)
    Reserved39_IRQHandler                    0x0000015f   Thumb Code     0  startup_mkl25z4.o(.text)
    Reserved45_IRQHandler                    0x0000015f   Thumb Code     0  startup_mkl25z4.o(.text)
    SPI0_IRQHandler                          0x0000015f   Thumb Code     0  startup_mkl25z4.o(.text)
    SPI1_IRQHandler                          0x0000015f   Thumb Code     0  startup_mkl25z4.o(.text)
    TPM0_IRQHandler                          0x0000015f   Thumb Code     0  startup_mkl25z4.o(.text)
    TPM1_IRQHandler                          0x0000015f   Thumb Code     0  startup_mkl25z4.o(.text)
    TPM2_IRQHandler                          0x0000015f   Thumb Code     0  startup_mkl25z4.o(.text)
    TSI0_IRQHandler                          0x0000015f   Thumb Code     0  startup_mkl25z4.o(.text)
    UART0_IRQHandler                         0x0000015f   Thumb Code     0  startup_mkl25z4.o(.text)
    UART1_IRQHandler                         0x0000015f   Thumb Code     0  startup_mkl25z4.o(.text)
    UART2_IRQHandler                         0x0000015f   Thumb Code     0  startup_mkl25z4.o(.text)
    USB0_IRQHandler                          0x0000015f   Thumb Code     0  startup_mkl25z4.o(.text)
    __user_initial_stackheap                 0x00000165   Thumb Code     0  startup_mkl25z4.o(.text)
    __use_two_region_memory                  0x00000189   Thumb Code     2  heapauxi.o(.text)
    __rt_heap_escrow$2region                 0x0000018b   Thumb Code     2  heapauxi.o(.text)
    __rt_heap_expand$2region                 0x0000018d   Thumb Code     2  heapauxi.o(.text)
    __aeabi_f2iz                             0x0000018f   Thumb Code     0  ffixi.o(.text)
    _ffix                                    0x0000018f   Thumb Code    76  ffixi.o(.text)
    __aeabi_i2f_normalise                    0x000001db   Thumb Code    72  fflti.o(.text)
    __aeabi_i2f                              0x00000223   Thumb Code    16  fflti.o(.text)
    _fflt                                    0x00000223   Thumb Code     0  fflti.o(.text)
    __aeabi_ui2f                             0x00000233   Thumb Code     6  fflti.o(.text)
    _ffltu                                   0x00000233   Thumb Code     0  fflti.o(.text)
    __read_errno                             0x00000239   Thumb Code    10  _rserrno.o(.text)
    __set_errno                              0x00000243   Thumb Code    12  _rserrno.o(.text)
    _frnd                                    0x00000251   Thumb Code   122  frnd.o(.text)
    __aeabi_errno_addr                       0x000002d1   Thumb Code     8  rt_errno_addr_intlibspace.o(.text)
    __errno$intlibspace                      0x000002d1   Thumb Code     0  rt_errno_addr_intlibspace.o(.text)
    __rt_errno_addr$intlibspace              0x000002d1   Thumb Code     0  rt_errno_addr_intlibspace.o(.text)
    __ARM_scalbnf                            0x000002d9   Thumb Code    64  fscalbn.o(.text)
    __user_libspace                          0x0000031d   Thumb Code     8  libspace.o(.text)
    __user_perproc_libspace                  0x0000031d   Thumb Code     0  libspace.o(.text)
    __user_perthread_libspace                0x0000031d   Thumb Code     0  libspace.o(.text)
    __user_setup_stackheap                   0x00000325   Thumb Code    62  sys_stackheap_outer.o(.text)
    exit                                     0x00000363   Thumb Code    16  exit.o(.text)
    _sys_exit                                0x00000375   Thumb Code     8  sys_exit.o(.text)
    __I$use$semihosting                      0x00000381   Thumb Code     0  use_no_semi.o(.text)
    __use_no_semihosting_swi                 0x00000381   Thumb Code     2  use_no_semi.o(.text)
    __semihosting_library_function           0x00000383   Thumb Code     0  indicate_semi.o(.text)
    ADC0_init                                0x00000385   Thumb Code    44  module3.o(.text.ADC0_init)
    DAC0_init                                0x000003b9   Thumb Code    24  module3.o(.text.DAC0_init)
    Delay                                    0x000003d9   Thumb Code    18  module3.o(.text.Delay)
    SystemInit                               0x000003ed   Thumb Code     8  system_mkl25z4.o(.text.SystemInit)
    __I$use$fp                               0x000003f8   Number         0  usenofp.o(x$fpl$usenofp)
    __aeabi_fdiv                             0x00000411   Thumb Code     0  fdiv.o(.text)
    _fdiv                                    0x00000411   Thumb Code   334  fdiv.o(.text)
    _frdiv                                   0x0000055f   Thumb Code     8  fdiv.o(.text)
    PORTD_IRQHandler                         0x00000571   Thumb Code    36  module3.o(.text.PORTD_IRQHandler)
    init_switch                              0x000005cd   Thumb Code    48  module3.o(.text.init_switch)
    main                                     0x0000060d   Thumb Code   472  module3.o(.text.main)
    __aeabi_uidiv                            0x00000825   Thumb Code    68  aeabi_sdivfast.o(.text_divfast)
    __aeabi_idiv                             0x00000869   Thumb Code   434  aeabi_sdivfast.o(.text_divfast)
    __ARM_common_ll_muluu                    0x00000a1b   Thumb Code    50  rredf.o(i.__ARM_common_ll_muluu)
    __ARM_fpclassifyf                        0x00000a4d   Thumb Code    34  fpclassifyf.o(i.__ARM_fpclassifyf)
    __mathlib_flt_infnan                     0x00000a6f   Thumb Code    10  funder.o(i.__mathlib_flt_infnan)
    __mathlib_flt_invalid                    0x00000a79   Thumb Code    12  funder.o(i.__mathlib_flt_invalid)
    __mathlib_flt_underflow                  0x00000a85   Thumb Code    14  funder.o(i.__mathlib_flt_underflow)
    __mathlib_rredf2                         0x00000a95   Thumb Code   366  rredf.o(i.__mathlib_rredf2)
    sinf                                     0x00000c15   Thumb Code   330  sinf.o(i.sinf)
    __aeabi_fadd                             0x00000d99   Thumb Code     0  faddsub.o(x$fpl$fadd)
    _fadd                                    0x00000d99   Thumb Code   134  faddsub.o(x$fpl$fadd)
    __aeabi_fmul                             0x00000e25   Thumb Code     0  fmul.o(x$fpl$fmul)
    _fmul                                    0x00000e25   Thumb Code   172  fmul.o(x$fpl$fmul)
    __aeabi_frsub                            0x00000ed5   Thumb Code     0  faddsub.o(x$fpl$frsb)
    _frsb                                    0x00000ed5   Thumb Code    24  faddsub.o(x$fpl$frsb)
    __aeabi_fsub                             0x00000eed   Thumb Code     0  faddsub.o(x$fpl$fsub)
    _fsub                                    0x00000eed   Thumb Code   204  faddsub.o(x$fpl$fsub)
    Region$$Table$$Base                      0x0000101c   Number         0  anon$$obj.o(Region$$Table)
    Region$$Table$$Limit                     0x0000102c   Number         0  anon$$obj.o(Region$$Table)
    __libspace_start                         0x1ffff000   Data          96  libspace.o(.bss)
    __temporary_stack_top$libspace           0x1ffff060   Data           0  libspace.o(.bss)
    count                                    0x1ffff060   Data           4  module3.o(.bss.count)
    rad                                      0x1ffff064   Data           4  module3.o(.bss.rad)
    sineWave                                 0x1ffff068   Data         600  module3.o(.bss.sineWave)
    squareWave                               0x1ffff2c0   Data         696  module3.o(.bss.squareWave)
    triangleWave                             0x1ffff578   Data         564  module3.o(.bss.triangleWave)



==============================================================================

Memory Map of the image

  Image Entry point : 0x00000149

  Load Region LR_1 (Base: 0x00000000, Size: 0x0000102c, Max: 0xffffffff, ABSOLUTE)

    Execution Region ER_RO (Exec base: 0x00000000, Load base: 0x00000000, Size: 0x0000102c, Max: 0xffffffff, ABSOLUTE)

    Exec Addr    Load Addr    Size         Type   Attr      Idx    E Section Name        Object

    0x00000000   0x00000000   0x000000c0   Data   RO           36    RESET               startup_mkl25z4.o
    0x000000c0   0x000000c0   0x00000008   Code   RO           71  * !!!main             c_p.l(__main.o)
    0x000000c8   0x000000c8   0x0000003c   Code   RO          298    !!!scatter          c_p.l(__scatter.o)
    0x00000104   0x00000104   0x0000001c   Code   RO          300    !!handler_zi        c_p.l(__scatter_zi.o)
    0x00000120   0x00000120   0x00000002   Code   RO          164    .ARM.Collect$$libinit$$00000000  c_p.l(libinit.o)
    0x00000122   0x00000122   0x00000000   Code   RO          175    .ARM.Collect$$libinit$$00000002  c_p.l(libinit2.o)
    0x00000122   0x00000122   0x00000000   Code   RO          177    .ARM.Collect$$libinit$$00000004  c_p.l(libinit2.o)
    0x00000122   0x00000122   0x00000000   Code   RO          180    .ARM.Collect$$libinit$$0000000A  c_p.l(libinit2.o)
    0x00000122   0x00000122   0x00000000   Code   RO          182    .ARM.Collect$$libinit$$0000000C  c_p.l(libinit2.o)
    0x00000122   0x00000122   0x00000000   Code   RO          184    .ARM.Collect$$libinit$$0000000E  c_p.l(libinit2.o)
    0x00000122   0x00000122   0x00000000   Code   RO          187    .ARM.Collect$$libinit$$00000011  c_p.l(libinit2.o)
    0x00000122   0x00000122   0x00000000   Code   RO          189    .ARM.Collect$$libinit$$00000013  c_p.l(libinit2.o)
    0x00000122   0x00000122   0x00000000   Code   RO          191    .ARM.Collect$$libinit$$00000015  c_p.l(libinit2.o)
    0x00000122   0x00000122   0x00000000   Code   RO          193    .ARM.Collect$$libinit$$00000017  c_p.l(libinit2.o)
    0x00000122   0x00000122   0x00000000   Code   RO          195    .ARM.Collect$$libinit$$00000019  c_p.l(libinit2.o)
    0x00000122   0x00000122   0x00000000   Code   RO          197    .ARM.Collect$$libinit$$0000001B  c_p.l(libinit2.o)
    0x00000122   0x00000122   0x00000000   Code   RO          199    .ARM.Collect$$libinit$$0000001D  c_p.l(libinit2.o)
    0x00000122   0x00000122   0x00000000   Code   RO          201    .ARM.Collect$$libinit$$0000001F  c_p.l(libinit2.o)
    0x00000122   0x00000122   0x00000000   Code   RO          203    .ARM.Collect$$libinit$$00000021  c_p.l(libinit2.o)
    0x00000122   0x00000122   0x00000000   Code   RO          205    .ARM.Collect$$libinit$$00000023  c_p.l(libinit2.o)
    0x00000122   0x00000122   0x00000000   Code   RO          207    .ARM.Collect$$libinit$$00000025  c_p.l(libinit2.o)
    0x00000122   0x00000122   0x00000000   Code   RO          211    .ARM.Collect$$libinit$$0000002C  c_p.l(libinit2.o)
    0x00000122   0x00000122   0x00000000   Code   RO          213    .ARM.Collect$$libinit$$0000002E  c_p.l(libinit2.o)
    0x00000122   0x00000122   0x00000000   Code   RO          215    .ARM.Collect$$libinit$$00000030  c_p.l(libinit2.o)
    0x00000122   0x00000122   0x00000000   Code   RO          217    .ARM.Collect$$libinit$$00000032  c_p.l(libinit2.o)
    0x00000122   0x00000122   0x00000002   Code   RO          218    .ARM.Collect$$libinit$$00000033  c_p.l(libinit2.o)
    0x00000124   0x00000124   0x00000002   Code   RO          253    .ARM.Collect$$libshutdown$$00000000  c_p.l(libshutdown.o)
    0x00000126   0x00000126   0x00000000   Code   RO          281    .ARM.Collect$$libshutdown$$00000002  c_p.l(libshutdown2.o)
    0x00000126   0x00000126   0x00000000   Code   RO          283    .ARM.Collect$$libshutdown$$00000004  c_p.l(libshutdown2.o)
    0x00000126   0x00000126   0x00000000   Code   RO          286    .ARM.Collect$$libshutdown$$00000007  c_p.l(libshutdown2.o)
    0x00000126   0x00000126   0x00000000   Code   RO          289    .ARM.Collect$$libshutdown$$0000000A  c_p.l(libshutdown2.o)
    0x00000126   0x00000126   0x00000000   Code   RO          291    .ARM.Collect$$libshutdown$$0000000C  c_p.l(libshutdown2.o)
    0x00000126   0x00000126   0x00000000   Code   RO          294    .ARM.Collect$$libshutdown$$0000000F  c_p.l(libshutdown2.o)
    0x00000126   0x00000126   0x00000002   Code   RO          295    .ARM.Collect$$libshutdown$$00000010  c_p.l(libshutdown2.o)
    0x00000128   0x00000128   0x00000000   Code   RO           89    .ARM.Collect$$rtentry$$00000000  c_p.l(__rtentry.o)
    0x00000128   0x00000128   0x00000000   Code   RO          121    .ARM.Collect$$rtentry$$00000002  c_p.l(__rtentry2.o)
    0x00000128   0x00000128   0x00000006   Code   RO          133    .ARM.Collect$$rtentry$$00000004  c_p.l(__rtentry4.o)
    0x0000012e   0x0000012e   0x00000000   Code   RO          123    .ARM.Collect$$rtentry$$00000009  c_p.l(__rtentry2.o)
    0x0000012e   0x0000012e   0x00000004   Code   RO          124    .ARM.Collect$$rtentry$$0000000A  c_p.l(__rtentry2.o)
    0x00000132   0x00000132   0x00000000   Code   RO          126    .ARM.Collect$$rtentry$$0000000C  c_p.l(__rtentry2.o)
    0x00000132   0x00000132   0x00000008   Code   RO          127    .ARM.Collect$$rtentry$$0000000D  c_p.l(__rtentry2.o)
    0x0000013a   0x0000013a   0x00000002   Code   RO          166    .ARM.Collect$$rtexit$$00000000  c_p.l(rtexit.o)
    0x0000013c   0x0000013c   0x00000000   Code   RO          224    .ARM.Collect$$rtexit$$00000002  c_p.l(rtexit2.o)
    0x0000013c   0x0000013c   0x00000004   Code   RO          225    .ARM.Collect$$rtexit$$00000003  c_p.l(rtexit2.o)
    0x00000140   0x00000140   0x00000006   Code   RO          226    .ARM.Collect$$rtexit$$00000004  c_p.l(rtexit2.o)
    0x00000146   0x00000146   0x00000002   PAD
    0x00000148   0x00000148   0x00000040   Code   RO           38  * .text               startup_mkl25z4.o
    0x00000188   0x00000188   0x00000006   Code   RO           69    .text               c_p.l(heapauxi.o)
    0x0000018e   0x0000018e   0x0000004c   Code   RO           79    .text               fz_ps.l(ffixi.o)
    0x000001da   0x000001da   0x0000005e   Code   RO           81    .text               fz_ps.l(fflti.o)
    0x00000238   0x00000238   0x00000016   Code   RO           94    .text               c_p.l(_rserrno.o)
    0x0000024e   0x0000024e   0x00000002   PAD
    0x00000250   0x00000250   0x00000080   Code   RO           96    .text               fz_ps.l(frnd.o)
    0x000002d0   0x000002d0   0x00000008   Code   RO          140    .text               c_p.l(rt_errno_addr_intlibspace.o)
    0x000002d8   0x000002d8   0x00000044   Code   RO          145    .text               fz_ps.l(fscalbn.o)
    0x0000031c   0x0000031c   0x00000008   Code   RO          147    .text               c_p.l(libspace.o)
    0x00000324   0x00000324   0x0000003e   Code   RO          150    .text               c_p.l(sys_stackheap_outer.o)
    0x00000362   0x00000362   0x00000010   Code   RO          153    .text               c_p.l(exit.o)
    0x00000372   0x00000372   0x00000002   PAD
    0x00000374   0x00000374   0x0000000c   Code   RO          219    .text               c_p.l(sys_exit.o)
    0x00000380   0x00000380   0x00000002   Code   RO          242    .text               c_p.l(use_no_semi.o)
    0x00000382   0x00000382   0x00000000   Code   RO          244    .text               c_p.l(indicate_semi.o)
    0x00000382   0x00000382   0x00000002   PAD
    0x00000384   0x00000384   0x00000034   Code   RO            8    .text.ADC0_init     module3.o
    0x000003b8   0x000003b8   0x00000020   Code   RO           10    .text.DAC0_init     module3.o
    0x000003d8   0x000003d8   0x00000012   Code   RO           12    .text.Delay         module3.o
    0x000003ea   0x000003ea   0x00000002   PAD
    0x000003ec   0x000003ec   0x0000000c   Code   RO           47    .text.SystemInit    system_mkl25z4.o
    0x000003f8   0x000003f8   0x00000000   Code   RO           98    x$fpl$usenofp       fz_ps.l(usenofp.o)
    0x000003f8   0x000003f8   0x00000008   PAD
    0x00000400   0x00000400   0x00000010   Code   RO           37    .ARM.__at_0x400     startup_mkl25z4.o
    0x00000410   0x00000410   0x00000160   Code   RO          142    .text               fz_ps.l(fdiv.o)
    0x00000570   0x00000570   0x00000028   Code   RO            6    .text.PORTD_IRQHandler  module3.o
    0x00000598   0x00000598   0x00000010   Code   RO           16    .text.__NVIC_ClearPendingIRQ  module3.o
    0x000005a8   0x000005a8   0x00000010   Code   RO           18    .text.__NVIC_EnableIRQ  module3.o
    0x000005b8   0x000005b8   0x00000014   Code   RO           14    .text.__NVIC_SetPriority  module3.o
    0x000005cc   0x000005cc   0x00000040   Code   RO            4    .text.init_switch   module3.o
    0x0000060c   0x0000060c   0x00000218   Code   RO            2    .text.main          module3.o
    0x00000824   0x00000824   0x000001f6   Code   RO           62    .text_divfast       c_p.l(aeabi_sdivfast.o)
    0x00000a1a   0x00000a1a   0x00000032   Code   RO          118    i.__ARM_common_ll_muluu  m_ps.l(rredf.o)
    0x00000a4c   0x00000a4c   0x00000022   Code   RO           99    i.__ARM_fpclassifyf  m_ps.l(fpclassifyf.o)
    0x00000a6e   0x00000a6e   0x0000000a   Code   RO          102    i.__mathlib_flt_infnan  m_ps.l(funder.o)
    0x00000a78   0x00000a78   0x0000000c   Code   RO          104    i.__mathlib_flt_invalid  m_ps.l(funder.o)
    0x00000a84   0x00000a84   0x0000000e   Code   RO          107    i.__mathlib_flt_underflow  m_ps.l(funder.o)
    0x00000a92   0x00000a92   0x00000002   PAD
    0x00000a94   0x00000a94   0x00000180   Code   RO          115    i.__mathlib_rredf2  m_ps.l(rredf.o)
    0x00000c14   0x00000c14   0x00000184   Code   RO           86    i.sinf              m_ps.l(sinf.o)
    0x00000d98   0x00000d98   0x0000008c   Code   RO           73    x$fpl$fadd          fz_ps.l(faddsub.o)
    0x00000e24   0x00000e24   0x000000b0   Code   RO           83    x$fpl$fmul          fz_ps.l(fmul.o)
    0x00000ed4   0x00000ed4   0x00000018   Code   RO           74    x$fpl$frsb          fz_ps.l(faddsub.o)
    0x00000eec   0x00000eec   0x000000d0   Code   RO           75    x$fpl$fsub          fz_ps.l(faddsub.o)
    0x00000fbc   0x00000fbc   0x00000020   Data   RO          116    .constdata          m_ps.l(rredf.o)
    0x00000fdc   0x00000fdc   0x00000040   Data   RO          143    .constdata          fz_ps.l(fdiv.o)
    0x0000101c   0x0000101c   0x00000010   Data   RO          297    Region$$Table       anon$$obj.o


    Execution Region ER_RW (Exec base: 0x1ffff000, Load base: 0x0000102c, Size: 0x00000000, Max: 0xffffffff, ABSOLUTE)

    **** No section assigned to this execution region ****


    Execution Region ER_ZI (Exec base: 0x1ffff000, Load base: 0x0000102c, Size: 0x000008b0, Max: 0xffffffff, ABSOLUTE)

    Exec Addr    Load Addr    Size         Type   Attr      Idx    E Section Name        Object

    0x1ffff000        -       0x00000060   Zero   RW          148    .bss                c_p.l(libspace.o)
    0x1ffff060        -       0x00000004   Zero   RW           20    .bss.count          module3.o
    0x1ffff064        -       0x00000004   Zero   RW           22    .bss.rad            module3.o
    0x1ffff068        -       0x00000258   Zero   RW           23    .bss.sineWave       module3.o
    0x1ffff2c0        -       0x000002b8   Zero   RW           24    .bss.squareWave     module3.o
    0x1ffff578        -       0x00000234   Zero   RW           25    .bss.triangleWave   module3.o
    0x1ffff7ac   0x0000102c   0x00000004   PAD
    0x1ffff7b0        -       0x00000000   Zero   RW           35    HEAP                startup_mkl25z4.o
    0x1ffff7b0        -       0x00000100   Zero   RW           34    STACK               startup_mkl25z4.o


==============================================================================

Image component sizes


      Code (inc. data)   RO Data    RW Data    ZI Data      Debug   Object Name

       794        112          0          0       1868       5764   module3.o
        80         44        192          0        256        904   startup_mkl25z4.o
        12          4          0          0          0       2512   system_mkl25z4.o

    ----------------------------------------------------------------------
       888        160        208          0       2128       9180   Object Totals
         0          0         16          0          0          0   (incl. Generated)
         2          0          0          0          4          0   (incl. Padding)

    ----------------------------------------------------------------------

      Code (inc. data)   RO Data    RW Data    ZI Data      Debug   Library Member Name

         8          0          0          0          0         68   __main.o
         0          0          0          0          0          0   __rtentry.o
        12          0          0          0          0          0   __rtentry2.o
         6          0          0          0          0          0   __rtentry4.o
        60          8          0          0          0          0   __scatter.o
        28          0          0          0          0          0   __scatter_zi.o
        22          0          0          0          0         92   _rserrno.o
       502          0          0          0          0         92   aeabi_sdivfast.o
        16          0          0          0          0         68   exit.o
         6          0          0          0          0        136   heapauxi.o
         0          0          0          0          0          0   indicate_semi.o
         2          0          0          0          0          0   libinit.o
         2          0          0          0          0          0   libinit2.o
         2          0          0          0          0          0   libshutdown.o
         2          0          0          0          0          0   libshutdown2.o
         8          4          0          0         96         68   libspace.o
         8          4          0          0          0         68   rt_errno_addr_intlibspace.o
         2          0          0          0          0          0   rtexit.o
        10          0          0          0          0          0   rtexit2.o
        12          4          0          0          0         60   sys_exit.o
        62          0          0          0          0         80   sys_stackheap_outer.o
         2          0          0          0          0         68   use_no_semi.o
       372          8          0          0          0        240   faddsub.o
       352         10         64          0          0         92   fdiv.o
        76          0          0          0          0         68   ffixi.o
        94          0          0          0          0         92   fflti.o
       176          4          0          0          0         80   fmul.o
       128          6          0          0          0         68   frnd.o
        68          4          0          0          0         68   fscalbn.o
         0          0          0          0          0          0   usenofp.o
        34          0          0          0          0         60   fpclassifyf.o
        36          0          0          0          0        204   funder.o
       434         18         32          0          0        168   rredf.o
       388         58          0          0          0        104   sinf.o

    ----------------------------------------------------------------------
      2948        128         96          0         96       2044   Library Totals
        18          0          0          0          0          0   (incl. Padding)

    ----------------------------------------------------------------------

      Code (inc. data)   RO Data    RW Data    ZI Data      Debug   Library Name

       772         20          0          0         96        800   c_p.l
      1266         32         64          0          0        708   fz_ps.l
       892         76         32          0          0        536   m_ps.l

    ----------------------------------------------------------------------
      2948        128         96          0         96       2044   Library Totals

    ----------------------------------------------------------------------

==============================================================================


      Code (inc. data)   RO Data    RW Data    ZI Data      Debug   

      3836        288        304          0       2224      10160   Grand Totals
      3836        288        304          0       2224      10160   ELF Image Totals
      3836        288        304          0          0          0   ROM Totals

==============================================================================

    Total RO  Size (Code + RO Data)                 4140 (   4.04kB)
    Total RW  Size (RW Data + ZI Data)              2224 (   2.17kB)
    Total ROM Size (Code + RO Data + RW Data)       4140 (   4.04kB)

==============================================================================

